Archive member included because of file (symbol)

/home/autobuild/tools/win32/mingw32/lib/libgcc.a(__main.o)
                              boardmsg.o (__main)
/home/autobuild/tools/win32/mingw32/lib/libgcc.a(_ctors.o)
                              /home/autobuild/tools/win32/mingw32/lib/libgcc.a(__main.o) (__DTOR_LIST__)
/home/autobuild/tools/win32/lib/libapp.a(start.o)
                              (_start)
/home/autobuild/tools/win32/lib/libapp.a(crt3.o)
                              /home/autobuild/tools/win32/lib/libapp.a(start.o) (__crt_startup)
/home/autobuild/tools/win32/lib/libapp.a(crtloader.o)
                              /home/autobuild/tools/win32/lib/libapp.a(crt3.o) (get_entry_point)
/home/autobuild/tools/win32/lib/libc.dll.a(d000405.o)
                              boardmsg.o (malloc)
/home/autobuild/tools/win32/lib/libc.dll.a(d000212.o)
                              boardmsg.o (calloc)
/home/autobuild/tools/win32/lib/libc.dll.a(d000206.o)
                              /home/autobuild/tools/win32/mingw32/lib/libgcc.a(__main.o) (atexit)
/home/autobuild/tools/win32/lib/libc.dll.a(d000000.o)
                              /home/autobuild/tools/win32/lib/libc.dll.a(d000405.o) (_head_libc_dll)
/home/autobuild/tools/win32/lib/libc.dll.a(d000577.o)
                              /home/autobuild/tools/win32/lib/libc.dll.a(d000000.o) (libc_dll_iname)

Allocating common symbols
Common symbol       size              file

__DTOR_LIST__       0x8               /home/autobuild/tools/win32/mingw32/lib/libgcc.a(_ctors.o)
kolibri_color_table
                    0x28              boardmsg.o
__CTOR_LIST__       0x8               /home/autobuild/tools/win32/mingw32/lib/libgcc.a(_ctors.o)
kolibri_gui_op_table
                    0x9c              boardmsg.o

Discarded input sections

 .drectve       0x0000000000000000       0x4c boardmsg.o
 .debug_info    0x0000000000000000     0x108d boardmsg.o
 .debug_abbrev  0x0000000000000000      0x204 boardmsg.o
 .debug_aranges
                0x0000000000000000       0x20 boardmsg.o
 .debug_line    0x0000000000000000      0x2e2 boardmsg.o
 .eh_frame      0x0000000000000000      0x30c boardmsg.o
 .debug_info    0x0000000000000000      0x3ea /home/autobuild/tools/win32/mingw32/lib/libgcc.a(__main.o)
 .debug_abbrev  0x0000000000000000      0x113 /home/autobuild/tools/win32/mingw32/lib/libgcc.a(__main.o)
 .debug_loc     0x0000000000000000       0x54 /home/autobuild/tools/win32/mingw32/lib/libgcc.a(__main.o)
 .debug_aranges
                0x0000000000000000       0x20 /home/autobuild/tools/win32/mingw32/lib/libgcc.a(__main.o)
 .debug_ranges  0x0000000000000000       0x18 /home/autobuild/tools/win32/mingw32/lib/libgcc.a(__main.o)
 .debug_line    0x0000000000000000       0xcb /home/autobuild/tools/win32/mingw32/lib/libgcc.a(__main.o)
 .eh_frame      0x0000000000000000       0x68 /home/autobuild/tools/win32/mingw32/lib/libgcc.a(__main.o)
 .drectve       0x0000000000000000       0x3c /home/autobuild/tools/win32/mingw32/lib/libgcc.a(_ctors.o)
 .debug_info    0x0000000000000000      0xb70 /home/autobuild/tools/win32/mingw32/lib/libgcc.a(_ctors.o)
 .debug_abbrev  0x0000000000000000       0xa7 /home/autobuild/tools/win32/mingw32/lib/libgcc.a(_ctors.o)
 .debug_aranges
                0x0000000000000000       0x18 /home/autobuild/tools/win32/mingw32/lib/libgcc.a(_ctors.o)
 .debug_line    0x0000000000000000       0xbf /home/autobuild/tools/win32/mingw32/lib/libgcc.a(_ctors.o)
 .eh_frame      0x0000000000000000       0x48 /home/autobuild/tools/win32/lib/libapp.a(crt3.o)
 .eh_frame      0x0000000000000000       0xd4 /home/autobuild/tools/win32/lib/libapp.a(crtloader.o)

Memory Configuration

Name             Origin             Length             Attributes
*default*        0x0000000000000000 0xffffffffffffffff

Linker script and memory map

                0x0000000000000000                __image_base__ = 0x0
                0x0000000000000000                __dll__ = 0x0
                0x0000000000000000                ___ImageBase = 0x0
                0x0000000000001000                __section_alignment__ = 0x1000
                0x0000000000000200                __file_alignment__ = 0x200
                0x0000000000000004                __major_os_version__ = 0x4
                0x0000000000000000                __minor_os_version__ = 0x0
                0x0000000000000001                __major_image_version__ = 0x1
                0x0000000000000000                __minor_image_version__ = 0x0
                0x0000000000000004                __major_subsystem_version__ = 0x4
                0x0000000000000000                __minor_subsystem_version__ = 0x0
                0x0000000000000003                __subsystem__ = 0x3
                0x0000000000200000                __size_of_stack_reserve__ = 0x200000
                0x0000000000001000                __size_of_stack_commit__ = 0x1000
                0x0000000000100000                __size_of_heap_reserve__ = 0x100000
                0x0000000000001000                __size_of_heap_commit__ = 0x1000
                0x0000000000000000                __loader_flags__ = 0x0
                0x0000000000000000                __dll_characteristics__ = 0x0
LOAD boardmsg.o
LOAD loadboxlib.obj

.text           0x0000000000000000     0x1000
                0x0000000000000000        0x4 LONG 0x554e454d
                0x0000000000000004        0x4 LONG 0x32305445
                0x0000000000000008        0x4 LONG 0x1
                0x000000000000000c        0x4 LONG 0x270 __start
                0x0000000000000010        0x4 LONG 0x1008 ___iend
                0x0000000000000014        0x4 LONG 0x16c0 ___memsize
                0x0000000000000018        0x4 LONG 0x16c0 ___stacktop
                0x000000000000001c        0x4 LONG 0x11b0 ___cmdline
                0x0000000000000020        0x4 LONG 0x12b0 ___pgmname
                0x0000000000000024        0x4 LONG 0x0
                0x0000000000000028        0x4 LONG 0x1010 __idata_start
                0x000000000000002c        0x4 LONG 0x1094 __idata_end
                0x0000000000000030        0x4 LONG 0x9a8 _main
 *(.init)
 .init          0x0000000000000034      0x239 loadboxlib.obj
                0x00000000000001aa                init_boxlib_asm
                0x00000000000001d0                editbox_key@4
                0x0000000000000208                edit_box_draw
                0x000000000000020c                edit_box_key
                0x0000000000000210                edit_box_mouse
                0x0000000000000214                check_box_draw2
                0x0000000000000218                check_box_mouse2
 *fill*         0x000000000000026d        0x3 
 .init          0x0000000000000270       0x84 /home/autobuild/tools/win32/lib/libapp.a(start.o)
                0x0000000000000270                _start
 *(.text)
 .text          0x00000000000002f4      0x884 boardmsg.o
                0x0000000000000390                debug_board_write_byte
                0x00000000000003b5                debug_board_write_str
                0x00000000000003e0                kolibri_boxlib_init
                0x0000000000000402                kolibri_get_system_colors
                0x000000000000041d                kolibri_new_edit_box
                0x0000000000000519                kolibri_new_check_box
                0x0000000000000597                kolibri_new_button
                0x00000000000005ef                draw_button
                0x0000000000000627                kolibri_button_get_identifier
                0x000000000000064a                kolibri_init_gui_op_table
                0x00000000000006a9                kolibri_new_window
                0x0000000000000703                kolibri_window_add_element
                0x0000000000000794                kolibri_handle_event_redraw
                0x000000000000086f                kolibri_handle_event_key
                0x00000000000008d9                kolibri_handle_event_mouse
                0x0000000000000943                kolibri_exit
                0x000000000000094f                kolibri_gui_init
                0x00000000000009a8                main
 *fill*         0x0000000000000b78        0x8 
 .text          0x0000000000000b80       0xa0 /home/autobuild/tools/win32/mingw32/lib/libgcc.a(__main.o)
                0x0000000000000b80                __do_global_dtors
                0x0000000000000bb0                __do_global_ctors
                0x0000000000000c00                __main
 .text          0x0000000000000c20        0x0 /home/autobuild/tools/win32/mingw32/lib/libgcc.a(_ctors.o)
 .text          0x0000000000000c20        0x0 /home/autobuild/tools/win32/lib/libapp.a(start.o)
 .text          0x0000000000000c20       0x40 /home/autobuild/tools/win32/lib/libapp.a(crt3.o)
                0x0000000000000c20                _pei386_runtime_relocator
                0x0000000000000c30                __crt_startup
 .text          0x0000000000000c60      0x250 /home/autobuild/tools/win32/lib/libapp.a(crtloader.o)
                0x0000000000000c60                validate_pe
                0x0000000000000cf0                create_image
                0x0000000000000e30                get_entry_point
                0x0000000000000e40                load_libc
 .text          0x0000000000000eb0        0x8 /home/autobuild/tools/win32/lib/libc.dll.a(d000405.o)
                0x0000000000000eb0                malloc
 .text          0x0000000000000eb8        0x8 /home/autobuild/tools/win32/lib/libc.dll.a(d000212.o)
                0x0000000000000eb8                calloc
 .text          0x0000000000000ec0        0x8 /home/autobuild/tools/win32/lib/libc.dll.a(d000206.o)
                0x0000000000000ec0                atexit
 *(SORT(.text$*))
 *(.text.*)
 *(.glue_7t)
 *(.glue_7)
                0x0000000000000ec8                ___CTOR_LIST__ = .
                0x0000000000000ec8                __CTOR_LIST__ = .
                0x0000000000000ec8        0x4 LONG 0xffffffffffffffff
 *(.ctors)
 *(.ctor)
 *(SORT(.ctors.*))
                0x0000000000000ecc        0x4 LONG 0x0
                0x0000000000000ed0                ___DTOR_LIST__ = .
                0x0000000000000ed0                __DTOR_LIST__ = .
                0x0000000000000ed0        0x4 LONG 0xffffffffffffffff
 *(.dtors)
 *(.dtor)
 *(SORT(.dtors.*))
                0x0000000000000ed4        0x4 LONG 0x0
 *(.fini)
 *(.gcc_exc)
                0x0000000000000ed8                PROVIDE (etext, .)
 *(.gcc_except_table)

.rdata          0x0000000000000ee0      0x200
 *(.rdata)
 .rdata         0x0000000000000ee0       0xc8 boardmsg.o
 .rdata         0x0000000000000fa8       0x18 /home/autobuild/tools/win32/lib/libapp.a(crtloader.o)
 *(SORT(.rdata$*))
 .rdata$zzz     0x0000000000000fc0       0x14 boardmsg.o
 .rdata$zzz     0x0000000000000fd4       0x14 /home/autobuild/tools/win32/mingw32/lib/libgcc.a(__main.o)
 .rdata$zzz     0x0000000000000fe8       0x14 /home/autobuild/tools/win32/mingw32/lib/libgcc.a(_ctors.o)
                0x0000000000000ffc                ___RUNTIME_PSEUDO_RELOC_LIST__ = .
                0x0000000000000ffc                __RUNTIME_PSEUDO_RELOC_LIST__ = .
 *(.rdata_runtime_pseudo_reloc)
                0x0000000000000ffc                ___RUNTIME_PSEUDO_RELOC_LIST_END__ = .
                0x0000000000000ffc                __RUNTIME_PSEUDO_RELOC_LIST_END__ = .

.CRT            0x0000000000001000        0x0
                0x0000000000001000                ___crt_xc_start__ = .
 *(SORT(.CRT$XC*))
                0x0000000000001000                ___crt_xc_end__ = .
                0x0000000000001000                ___crt_xi_start__ = .
 *(SORT(.CRT$XI*))
                0x0000000000001000                ___crt_xi_end__ = .
                0x0000000000001000                ___crt_xl_start__ = .
 *(SORT(.CRT$XL*))
                0x0000000000001000                ___crt_xp_start__ = .
 *(SORT(.CRT$XP*))
                0x0000000000001000                ___crt_xp_end__ = .
                0x0000000000001000                ___crt_xt_start__ = .
 *(SORT(.CRT$XT*))
                0x0000000000001000                ___crt_xt_end__ = .

.data           0x0000000000001000      0x200
                0x0000000000001000                PROVIDE (__data_start__, .)
 *(.data)
 .data          0x0000000000001000        0x0 boardmsg.o
 .data          0x0000000000001000        0x4 /home/autobuild/tools/win32/mingw32/lib/libgcc.a(__main.o)
 .data          0x0000000000001004        0x0 /home/autobuild/tools/win32/mingw32/lib/libgcc.a(_ctors.o)
 .data          0x0000000000001004        0x0 /home/autobuild/tools/win32/lib/libapp.a(start.o)
 .data          0x0000000000001004        0x0 /home/autobuild/tools/win32/lib/libapp.a(crt3.o)
 .data          0x0000000000001004        0x0 /home/autobuild/tools/win32/lib/libapp.a(crtloader.o)
 *(.data2)
 *(SORT(.data$*))
 *(.jcr)
                0x0000000000001004                __CRT_MT = .
                0x0000000000001004        0x4 LONG 0x0
                0x0000000000001008                PROVIDE (__data_end__, .)
 *(.data_cygwin_nocopy)
                0x0000000000001008                ___iend = .

.idata          0x0000000000001010      0x200
                0x0000000000001010                __idata_start = .
 SORT(*)(.idata$2)
 .idata$2       0x0000000000001010       0x14 /home/autobuild/tools/win32/lib/libc.dll.a(d000000.o)
                0x0000000000001010                _head_libc_dll
 SORT(*)(.idata$3)
                0x0000000000001024        0x4 LONG 0x0
                0x0000000000001028        0x4 LONG 0x0
                0x000000000000102c        0x4 LONG 0x0
                0x0000000000001030        0x4 LONG 0x0
                0x0000000000001034        0x4 LONG 0x0
 SORT(*)(.idata$4)
 .idata$4       0x0000000000001038        0x0 /home/autobuild/tools/win32/lib/libc.dll.a(d000000.o)
 .idata$4       0x0000000000001038        0x4 /home/autobuild/tools/win32/lib/libc.dll.a(d000206.o)
 .idata$4       0x000000000000103c        0x4 /home/autobuild/tools/win32/lib/libc.dll.a(d000212.o)
 .idata$4       0x0000000000001040        0x4 /home/autobuild/tools/win32/lib/libc.dll.a(d000405.o)
 .idata$4       0x0000000000001044        0x4 /home/autobuild/tools/win32/lib/libc.dll.a(d000577.o)
 SORT(*)(.idata$5)
 .idata$5       0x0000000000001048        0x0 /home/autobuild/tools/win32/lib/libc.dll.a(d000000.o)
 .idata$5       0x0000000000001048        0x4 /home/autobuild/tools/win32/lib/libc.dll.a(d000206.o)
                0x0000000000001048                _imp__atexit
 .idata$5       0x000000000000104c        0x4 /home/autobuild/tools/win32/lib/libc.dll.a(d000212.o)
                0x000000000000104c                _imp__calloc
 .idata$5       0x0000000000001050        0x4 /home/autobuild/tools/win32/lib/libc.dll.a(d000405.o)
                0x0000000000001050                _imp__malloc
 .idata$5       0x0000000000001054        0x4 /home/autobuild/tools/win32/lib/libc.dll.a(d000577.o)
 SORT(*)(.idata$6)
 .idata$6       0x0000000000001058        0xc /home/autobuild/tools/win32/lib/libc.dll.a(d000206.o)
 .idata$6       0x0000000000001064        0xc /home/autobuild/tools/win32/lib/libc.dll.a(d000212.o)
 .idata$6       0x0000000000001070        0xc /home/autobuild/tools/win32/lib/libc.dll.a(d000405.o)
 SORT(*)(.idata$7)
 .idata$7       0x000000000000107c        0x4 /home/autobuild/tools/win32/lib/libc.dll.a(d000206.o)
 .idata$7       0x0000000000001080        0x4 /home/autobuild/tools/win32/lib/libc.dll.a(d000212.o)
 .idata$7       0x0000000000001084        0x4 /home/autobuild/tools/win32/lib/libc.dll.a(d000405.o)
 .idata$7       0x0000000000001088        0xc /home/autobuild/tools/win32/lib/libc.dll.a(d000577.o)
                0x0000000000001088                libc_dll_iname
                0x0000000000001094                __idata_end = .

bss             0x00000000000010a0      0x620
 *(.bss)
 .bss           0x00000000000010a0        0x0 boardmsg.o
 .bss           0x00000000000010a0        0x4 /home/autobuild/tools/win32/mingw32/lib/libgcc.a(__main.o)
 .bss           0x00000000000010a4        0x0 /home/autobuild/tools/win32/mingw32/lib/libgcc.a(_ctors.o)
 .bss           0x00000000000010a4        0x0 /home/autobuild/tools/win32/lib/libapp.a(start.o)
 .bss           0x00000000000010a4        0x0 /home/autobuild/tools/win32/lib/libapp.a(crt3.o)
 .bss           0x00000000000010a4        0x0 /home/autobuild/tools/win32/lib/libapp.a(crtloader.o)
 *(COMMON)
 *fill*         0x00000000000010a4       0x1c 
 COMMON         0x00000000000010c0       0xdc boardmsg.o
                0x00000000000010c0                kolibri_color_table
                0x0000000000001100                kolibri_gui_op_table
 COMMON         0x000000000000119c       0x10 /home/autobuild/tools/win32/mingw32/lib/libgcc.a(_ctors.o)
                0x00000000000011b0                . = ALIGN (0x10)
 *fill*         0x00000000000011ac        0x4 
                0x00000000000011b0                ___cmdline = .
                0x00000000000012b0                . = (. + 0x100)
 *fill*         0x00000000000011b0      0x100 
                0x00000000000012b0                ___pgmname = .
                0x00000000000016c0                . = ((. + 0x400) + 0x10)
 *fill*         0x00000000000012b0      0x410 
                0x00000000000016c0                ___stacktop = .
                0x00000000000016c0                ___memsize = .

/DISCARD/
 *(.debug$S)
 *(.debug$T)
 *(.debug$F)
 *(.drectve)
 *(.note.GNU-stack)
 *(.eh_frame)
 *(.comment)
 *(.debug_abbrev)
 *(.debug_info)
 *(.debug_line)
 *(.debug_frame)
 *(.debug_loc)
 *(.debug_pubnames)
 *(.debug_aranges)
 *(.debug_ranges)
LOAD /home/autobuild/tools/win32/mingw32/lib/libgcc.a
LOAD /home/autobuild/tools/win32/lib/libdll.a
LOAD /home/autobuild/tools/win32/lib/libapp.a
LOAD /home/autobuild/tools/win32/lib/libc.dll.a
OUTPUT(boardxmsg pei-i386)

.debug_str      0x0000000000000000      0x200
 .debug_str     0x0000000000000000       0x44 boardmsg.o
 .debug_str     0x0000000000000044        0x0 /home/autobuild/tools/win32/mingw32/lib/libgcc.a(__main.o)
 .debug_str     0x0000000000000044        0x0 /home/autobuild/tools/win32/mingw32/lib/libgcc.a(_ctors.o)
