Archive member included because of file (symbol)

/home/autobuild/tools/win32/mingw32/lib/libgcc.a(__main.o)
                              main.o (__main)
/home/autobuild/tools/win32/mingw32/lib/libgcc.a(_ctors.o)
                              /home/autobuild/tools/win32/mingw32/lib/libgcc.a(__main.o) (__DTOR_LIST__)
/home/autobuild/tools/win32/lib/libapp.a(start.o)
                              (_start)
/home/autobuild/tools/win32/lib/libapp.a(crt3.o)
                              /home/autobuild/tools/win32/lib/libapp.a(start.o) (__crt_startup)
/home/autobuild/tools/win32/lib/libapp.a(crtloader.o)
                              /home/autobuild/tools/win32/lib/libapp.a(crt3.o) (get_entry_point)
/home/autobuild/tools/win32/lib/libc.dll.a(d000206.o)
                              /home/autobuild/tools/win32/mingw32/lib/libgcc.a(__main.o) (atexit)
/home/autobuild/tools/win32/lib/libc.dll.a(d000000.o)
                              /home/autobuild/tools/win32/lib/libc.dll.a(d000206.o) (_head_libc_dll)
/home/autobuild/tools/win32/lib/libc.dll.a(d000577.o)
                              /home/autobuild/tools/win32/lib/libc.dll.a(d000000.o) (libc_dll_iname)

Allocating common symbols
Common symbol       size              file

__DTOR_LIST__       0x8               /home/autobuild/tools/win32/mingw32/lib/libgcc.a(_ctors.o)
__CTOR_LIST__       0x8               /home/autobuild/tools/win32/mingw32/lib/libgcc.a(_ctors.o)

Discarded input sections

 .debug_info    0x0000000000000000       0xd0 main.o
 .debug_abbrev  0x0000000000000000       0x53 main.o
 .debug_aranges
                0x0000000000000000       0x20 main.o
 .debug_line    0x0000000000000000       0x38 main.o
 .eh_frame      0x0000000000000000       0x38 main.o
 .debug_info    0x0000000000000000      0x104 kolibri_debug.o
 .debug_abbrev  0x0000000000000000       0x72 kolibri_debug.o
 .debug_aranges
                0x0000000000000000       0x20 kolibri_debug.o
 .debug_line    0x0000000000000000       0x4a kolibri_debug.o
 .eh_frame      0x0000000000000000       0x5c kolibri_debug.o
 .debug_info    0x0000000000000000      0x3ea /home/autobuild/tools/win32/mingw32/lib/libgcc.a(__main.o)
 .debug_abbrev  0x0000000000000000      0x113 /home/autobuild/tools/win32/mingw32/lib/libgcc.a(__main.o)
 .debug_loc     0x0000000000000000       0x54 /home/autobuild/tools/win32/mingw32/lib/libgcc.a(__main.o)
 .debug_aranges
                0x0000000000000000       0x20 /home/autobuild/tools/win32/mingw32/lib/libgcc.a(__main.o)
 .debug_ranges  0x0000000000000000       0x18 /home/autobuild/tools/win32/mingw32/lib/libgcc.a(__main.o)
 .debug_line    0x0000000000000000       0xcb /home/autobuild/tools/win32/mingw32/lib/libgcc.a(__main.o)
 .eh_frame      0x0000000000000000       0x68 /home/autobuild/tools/win32/mingw32/lib/libgcc.a(__main.o)
 .drectve       0x0000000000000000       0x3c /home/autobuild/tools/win32/mingw32/lib/libgcc.a(_ctors.o)
 .debug_info    0x0000000000000000      0xb70 /home/autobuild/tools/win32/mingw32/lib/libgcc.a(_ctors.o)
 .debug_abbrev  0x0000000000000000       0xa7 /home/autobuild/tools/win32/mingw32/lib/libgcc.a(_ctors.o)
 .debug_aranges
                0x0000000000000000       0x18 /home/autobuild/tools/win32/mingw32/lib/libgcc.a(_ctors.o)
 .debug_line    0x0000000000000000       0xbf /home/autobuild/tools/win32/mingw32/lib/libgcc.a(_ctors.o)
 .eh_frame      0x0000000000000000       0x48 /home/autobuild/tools/win32/lib/libapp.a(crt3.o)
 .eh_frame      0x0000000000000000       0xd4 /home/autobuild/tools/win32/lib/libapp.a(crtloader.o)

Memory Configuration

Name             Origin             Length             Attributes
*default*        0x0000000000000000 0xffffffffffffffff

Linker script and memory map

                0x0000000000000000                __image_base__ = 0x0
                0x0000000000000000                __dll__ = 0x0
                0x0000000000000000                ___ImageBase = 0x0
                0x0000000000001000                __section_alignment__ = 0x1000
                0x0000000000000200                __file_alignment__ = 0x200
                0x0000000000000004                __major_os_version__ = 0x4
                0x0000000000000000                __minor_os_version__ = 0x0
                0x0000000000000001                __major_image_version__ = 0x1
                0x0000000000000000                __minor_image_version__ = 0x0
                0x0000000000000004                __major_subsystem_version__ = 0x4
                0x0000000000000000                __minor_subsystem_version__ = 0x0
                0x0000000000000003                __subsystem__ = 0x3
                0x0000000000200000                __size_of_stack_reserve__ = 0x200000
                0x0000000000001000                __size_of_stack_commit__ = 0x1000
                0x0000000000100000                __size_of_heap_reserve__ = 0x100000
                0x0000000000001000                __size_of_heap_commit__ = 0x1000
                0x0000000000000000                __loader_flags__ = 0x0
                0x0000000000000000                __dll_characteristics__ = 0x0
LOAD main.o
LOAD kolibri_debug.o

.text           0x0000000000000000      0x600
                0x0000000000000000        0x4 LONG 0x554e454d
                0x0000000000000004        0x4 LONG 0x32305445
                0x0000000000000008        0x4 LONG 0x1
                0x000000000000000c        0x4 LONG 0x34 __start
                0x0000000000000010        0x4 LONG 0x508 ___iend
                0x0000000000000014        0x4 LONG 0xaa0 ___memsize
                0x0000000000000018        0x4 LONG 0xaa0 ___stacktop
                0x000000000000001c        0x4 LONG 0x590 ___cmdline
                0x0000000000000020        0x4 LONG 0x690 ___pgmname
                0x0000000000000024        0x4 LONG 0x0
                0x0000000000000028        0x4 LONG 0x510 __idata_start
                0x000000000000002c        0x4 LONG 0x564 __idata_end
                0x0000000000000030        0x4 LONG 0xb8 _main
 *(.init)
 .init          0x0000000000000034       0x84 /home/autobuild/tools/win32/lib/libapp.a(start.o)
                0x0000000000000034                _start
 *(.text)
 .text          0x00000000000000b8       0x24 main.o
                0x00000000000000b8                main
 .text          0x00000000000000dc       0x50 kolibri_debug.o
                0x00000000000000dc                debug_board_write_byte
                0x0000000000000101                debug_board_write_str
 *fill*         0x000000000000012c        0x4 
 .text          0x0000000000000130       0xa0 /home/autobuild/tools/win32/mingw32/lib/libgcc.a(__main.o)
                0x0000000000000130                __do_global_dtors
                0x0000000000000160                __do_global_ctors
                0x00000000000001b0                __main
 .text          0x00000000000001d0        0x0 /home/autobuild/tools/win32/mingw32/lib/libgcc.a(_ctors.o)
 .text          0x00000000000001d0        0x0 /home/autobuild/tools/win32/lib/libapp.a(start.o)
 .text          0x00000000000001d0       0x40 /home/autobuild/tools/win32/lib/libapp.a(crt3.o)
                0x00000000000001d0                _pei386_runtime_relocator
                0x00000000000001e0                __crt_startup
 .text          0x0000000000000210      0x250 /home/autobuild/tools/win32/lib/libapp.a(crtloader.o)
                0x0000000000000210                validate_pe
                0x00000000000002a0                create_image
                0x00000000000003e0                get_entry_point
                0x00000000000003f0                load_libc
 .text          0x0000000000000460        0x8 /home/autobuild/tools/win32/lib/libc.dll.a(d000206.o)
                0x0000000000000460                atexit
 *(SORT(.text$*))
 *(.text.*)
 *(.glue_7t)
 *(.glue_7)
                0x0000000000000468                ___CTOR_LIST__ = .
                0x0000000000000468                __CTOR_LIST__ = .
                0x0000000000000468        0x4 LONG 0xffffffffffffffff
 *(.ctors)
 *(.ctor)
 *(SORT(.ctors.*))
                0x000000000000046c        0x4 LONG 0x0
                0x0000000000000470                ___DTOR_LIST__ = .
                0x0000000000000470                __DTOR_LIST__ = .
                0x0000000000000470        0x4 LONG 0xffffffffffffffff
 *(.dtors)
 *(.dtor)
 *(SORT(.dtors.*))
                0x0000000000000474        0x4 LONG 0x0
 *(.fini)
 *(.gcc_exc)
                0x0000000000000478                PROVIDE (etext, .)
 *(.gcc_except_table)

.rdata          0x0000000000000480      0x200
 *(.rdata)
 .rdata         0x0000000000000480        0x8 main.o
 .rdata         0x0000000000000488       0x18 /home/autobuild/tools/win32/lib/libapp.a(crtloader.o)
 *(SORT(.rdata$*))
 .rdata$zzz     0x00000000000004a0       0x14 main.o
 .rdata$zzz     0x00000000000004b4       0x14 kolibri_debug.o
 .rdata$zzz     0x00000000000004c8       0x14 /home/autobuild/tools/win32/mingw32/lib/libgcc.a(__main.o)
 .rdata$zzz     0x00000000000004dc       0x14 /home/autobuild/tools/win32/mingw32/lib/libgcc.a(_ctors.o)
                0x00000000000004f0                ___RUNTIME_PSEUDO_RELOC_LIST__ = .
                0x00000000000004f0                __RUNTIME_PSEUDO_RELOC_LIST__ = .
 *(.rdata_runtime_pseudo_reloc)
                0x00000000000004f0                ___RUNTIME_PSEUDO_RELOC_LIST_END__ = .
                0x00000000000004f0                __RUNTIME_PSEUDO_RELOC_LIST_END__ = .

.CRT            0x00000000000004f0        0x0
                0x00000000000004f0                ___crt_xc_start__ = .
 *(SORT(.CRT$XC*))
                0x00000000000004f0                ___crt_xc_end__ = .
                0x00000000000004f0                ___crt_xi_start__ = .
 *(SORT(.CRT$XI*))
                0x00000000000004f0                ___crt_xi_end__ = .
                0x00000000000004f0                ___crt_xl_start__ = .
 *(SORT(.CRT$XL*))
                0x00000000000004f0                ___crt_xp_start__ = .
 *(SORT(.CRT$XP*))
                0x00000000000004f0                ___crt_xp_end__ = .
                0x00000000000004f0                ___crt_xt_start__ = .
 *(SORT(.CRT$XT*))
                0x00000000000004f0                ___crt_xt_end__ = .

.data           0x0000000000000500      0x200
                0x0000000000000500                PROVIDE (__data_start__, .)
 *(.data)
 .data          0x0000000000000500        0x0 main.o
 .data          0x0000000000000500        0x0 kolibri_debug.o
 .data          0x0000000000000500        0x4 /home/autobuild/tools/win32/mingw32/lib/libgcc.a(__main.o)
 .data          0x0000000000000504        0x0 /home/autobuild/tools/win32/mingw32/lib/libgcc.a(_ctors.o)
 .data          0x0000000000000504        0x0 /home/autobuild/tools/win32/lib/libapp.a(start.o)
 .data          0x0000000000000504        0x0 /home/autobuild/tools/win32/lib/libapp.a(crt3.o)
 .data          0x0000000000000504        0x0 /home/autobuild/tools/win32/lib/libapp.a(crtloader.o)
 *(.data2)
 *(SORT(.data$*))
 *(.jcr)
                0x0000000000000504                __CRT_MT = .
                0x0000000000000504        0x4 LONG 0x0
                0x0000000000000508                PROVIDE (__data_end__, .)
 *(.data_cygwin_nocopy)
                0x0000000000000508                ___iend = .

.idata          0x0000000000000510      0x200
                0x0000000000000510                __idata_start = .
 SORT(*)(.idata$2)
 .idata$2       0x0000000000000510       0x14 /home/autobuild/tools/win32/lib/libc.dll.a(d000000.o)
                0x0000000000000510                _head_libc_dll
 SORT(*)(.idata$3)
                0x0000000000000524        0x4 LONG 0x0
                0x0000000000000528        0x4 LONG 0x0
                0x000000000000052c        0x4 LONG 0x0
                0x0000000000000530        0x4 LONG 0x0
                0x0000000000000534        0x4 LONG 0x0
 SORT(*)(.idata$4)
 .idata$4       0x0000000000000538        0x0 /home/autobuild/tools/win32/lib/libc.dll.a(d000000.o)
 .idata$4       0x0000000000000538        0x4 /home/autobuild/tools/win32/lib/libc.dll.a(d000206.o)
 .idata$4       0x000000000000053c        0x4 /home/autobuild/tools/win32/lib/libc.dll.a(d000577.o)
 SORT(*)(.idata$5)
 .idata$5       0x0000000000000540        0x0 /home/autobuild/tools/win32/lib/libc.dll.a(d000000.o)
 .idata$5       0x0000000000000540        0x4 /home/autobuild/tools/win32/lib/libc.dll.a(d000206.o)
                0x0000000000000540                _imp__atexit
 .idata$5       0x0000000000000544        0x4 /home/autobuild/tools/win32/lib/libc.dll.a(d000577.o)
 SORT(*)(.idata$6)
 .idata$6       0x0000000000000548        0xc /home/autobuild/tools/win32/lib/libc.dll.a(d000206.o)
 SORT(*)(.idata$7)
 .idata$7       0x0000000000000554        0x4 /home/autobuild/tools/win32/lib/libc.dll.a(d000206.o)
 .idata$7       0x0000000000000558        0xc /home/autobuild/tools/win32/lib/libc.dll.a(d000577.o)
                0x0000000000000558                libc_dll_iname
                0x0000000000000564                __idata_end = .

bss             0x0000000000000570      0x530
 *(.bss)
 .bss           0x0000000000000570        0x0 main.o
 .bss           0x0000000000000570        0x0 kolibri_debug.o
 .bss           0x0000000000000570        0x4 /home/autobuild/tools/win32/mingw32/lib/libgcc.a(__main.o)
 .bss           0x0000000000000574        0x0 /home/autobuild/tools/win32/mingw32/lib/libgcc.a(_ctors.o)
 .bss           0x0000000000000574        0x0 /home/autobuild/tools/win32/lib/libapp.a(start.o)
 .bss           0x0000000000000574        0x0 /home/autobuild/tools/win32/lib/libapp.a(crt3.o)
 .bss           0x0000000000000574        0x0 /home/autobuild/tools/win32/lib/libapp.a(crtloader.o)
 *(COMMON)
 COMMON         0x0000000000000574       0x10 /home/autobuild/tools/win32/mingw32/lib/libgcc.a(_ctors.o)
                0x0000000000000590                . = ALIGN (0x10)
 *fill*         0x0000000000000584        0xc 
                0x0000000000000590                ___cmdline = .
                0x0000000000000690                . = (. + 0x100)
 *fill*         0x0000000000000590      0x100 
                0x0000000000000690                ___pgmname = .
                0x0000000000000aa0                . = ((. + 0x400) + 0x10)
 *fill*         0x0000000000000690      0x410 
                0x0000000000000aa0                ___stacktop = .
                0x0000000000000aa0                ___memsize = .

/DISCARD/
 *(.debug$S)
 *(.debug$T)
 *(.debug$F)
 *(.drectve)
 *(.note.GNU-stack)
 *(.eh_frame)
 *(.comment)
 *(.debug_abbrev)
 *(.debug_info)
 *(.debug_line)
 *(.debug_frame)
 *(.debug_loc)
 *(.debug_pubnames)
 *(.debug_aranges)
 *(.debug_ranges)
LOAD /home/autobuild/tools/win32/mingw32/lib/libgcc.a
LOAD /home/autobuild/tools/win32/lib/libz.a
LOAD /home/autobuild/tools/win32/lib/libdll.a
LOAD /home/autobuild/tools/win32/lib/libapp.a
LOAD /home/autobuild/tools/win32/lib/libc.dll.a
OUTPUT(mainbin pei-i386)

.debug_str      0x0000000000000000        0x0
 .debug_str     0x0000000000000000        0x0 main.o
 .debug_str     0x0000000000000000        0x0 kolibri_debug.o
 .debug_str     0x0000000000000000        0x0 /home/autobuild/tools/win32/mingw32/lib/libgcc.a(__main.o)
 .debug_str     0x0000000000000000        0x0 /home/autobuild/tools/win32/mingw32/lib/libgcc.a(_ctors.o)
