Archive member included because of file (symbol)

/home/autobuild/tools/win32/mingw32/lib/libgcc.a(_udivdi3.o)
                              content_llcache.o (__udivdi3)
/home/autobuild/tools/win32/mingw32/lib/libgcc.a(_chkstk_ms.o)
                              content_urldb.o (__chkstk_ms)
/home/autobuild/tools/win32/mingw32/lib/libgcc.a(_divdi3.o)
                              css_select.o (__divdi3)
/home/autobuild/tools/win32/mingw32/lib/libgcc.a(__main.o)
                              kolibrios_main.o (__main)
/home/autobuild/tools/win32/mingw32/lib/libgcc.a(_ctors.o)
                              /home/autobuild/tools/win32/mingw32/lib/libgcc.a(__main.o) (__DTOR_LIST__)
/home/autobuild/tools/win32/lib/libz.a(gzlib.o)
                              utils_messages.o (gzopen)
/home/autobuild/tools/win32/lib/libz.a(gzclose.o)
                              utils_messages.o (gzclose)
/home/autobuild/tools/win32/lib/libz.a(gzread.o)
                              utils_messages.o (gzgets)
/home/autobuild/tools/win32/lib/libz.a(inflate.o)
                              /home/autobuild/tools/win32/lib/libz.a(gzread.o) (inflateReset)
/home/autobuild/tools/win32/lib/libz.a(gzwrite.o)
                              /home/autobuild/tools/win32/lib/libz.a(gzclose.o) (gzclose_w)
/home/autobuild/tools/win32/lib/libz.a(zutil.o)
                              /home/autobuild/tools/win32/lib/libz.a(inflate.o) (zcalloc)
/home/autobuild/tools/win32/lib/libz.a(adler32.o)
                              /home/autobuild/tools/win32/lib/libz.a(inflate.o) (adler32)
/home/autobuild/tools/win32/lib/libz.a(crc32.o)
                              /home/autobuild/tools/win32/lib/libz.a(inflate.o) (crc32)
/home/autobuild/tools/win32/lib/libz.a(inftrees.o)
                              /home/autobuild/tools/win32/lib/libz.a(inflate.o) (inflate_table)
/home/autobuild/tools/win32/lib/libz.a(inffast.o)
                              /home/autobuild/tools/win32/lib/libz.a(inflate.o) (inflate_fast)
/home/autobuild/tools/win32/lib/libz.a(deflate.o)
                              /home/autobuild/tools/win32/lib/libz.a(gzwrite.o) (deflateReset)
/home/autobuild/tools/win32/lib/libz.a(trees.o)
                              /home/autobuild/tools/win32/lib/libz.a(deflate.o) (_tr_init)
/home/autobuild/tools/win32/lib/libapp.a(start.o)
                              (_start)
/home/autobuild/tools/win32/lib/libapp.a(crt3.o)
                              /home/autobuild/tools/win32/lib/libapp.a(start.o) (__crt_startup)
/home/autobuild/tools/win32/lib/libapp.a(crtloader.o)
                              /home/autobuild/tools/win32/lib/libapp.a(crt3.o) (get_entry_point)
/home/autobuild/tools/win32/lib/libc.dll.a(d000212.o)
                              content_content.o (calloc)
/home/autobuild/tools/win32/lib/libc.dll.a(d000503.o)
                              content_content.o (strdup)
/home/autobuild/tools/win32/lib/libc.dll.a(d000297.o)
                              content_content.o (free)
/home/autobuild/tools/win32/lib/libc.dll.a(d000006.o)
                              content_content.o (__assert_func)
/home/autobuild/tools/win32/lib/libc.dll.a(d000485.o)
                              content_content.o (snprintf)
/home/autobuild/tools/win32/lib/libc.dll.a(d000506.o)
                              content_content.o (strlen)
/home/autobuild/tools/win32/lib/libc.dll.a(d000413.o)
                              content_content.o (memcpy)
/home/autobuild/tools/win32/lib/libc.dll.a(d000405.o)
                              content_content.o (malloc)
/home/autobuild/tools/win32/lib/libc.dll.a(d000510.o)
                              content_dirlist.o (strncpy)
/home/autobuild/tools/win32/lib/libc.dll.a(d000563.o)
                              content_fetchers_about.o (vsnprintf)
/home/autobuild/tools/win32/lib/libc.dll.a(d000498.o)
                              content_fetchers_data.o (strchr)
/home/autobuild/tools/win32/lib/libc.dll.a(d000511.o)
                              content_fetchers_data.o (strndup)
/home/autobuild/tools/win32/lib/libc.dll.a(d000499.o)
                              content_fetchers_data.o (strcmp)
/home/autobuild/tools/win32/lib/libc.dll.a(d000507.o)
                              content_fetchers_file.o (strncasecmp)
/home/autobuild/tools/win32/lib/libc.dll.a(d000208.o)
                              content_fetchers_file.o (atoi)
/home/autobuild/tools/win32/lib/libc.dll.a(d000291.o)
                              content_fetchers_file.o (fopen)
/home/autobuild/tools/win32/lib/libc.dll.a(d000009.o)
                              content_fetchers_file.o (__errno)
/home/autobuild/tools/win32/lib/libc.dll.a(d000264.o)
                              content_fetchers_file.o (fclose)
/home/autobuild/tools/win32/lib/libc.dll.a(d000296.o)
                              content_fetchers_file.o (fread)
/home/autobuild/tools/win32/lib/libc.dll.a(d000385.o)
                              content_fetchers_file.o (localtime)
[...]
Memory Configuration

Name             Origin             Length             Attributes
*default*        0x0000000000000000 0xffffffffffffffff

Linker script and memory map

                0x0000000000000000                __image_base__ = 0x0
                0x0000000000000000                __dll__ = 0x0
                0x0000000000000000                ___ImageBase = 0x0
                0x0000000000001000                __section_alignment__ = 0x1000
                0x0000000000000200                __file_alignment__ = 0x200
                0x0000000000000004                __major_os_version__ = 0x4
                0x0000000000000000                __minor_os_version__ = 0x0
                0x0000000000000001                __major_image_version__ = 0x1
                0x0000000000000000                __minor_image_version__ = 0x0
                0x0000000000000004                __major_subsystem_version__ = 0x4
                0x0000000000000000                __minor_subsystem_version__ = 0x0
                0x0000000000000003                __subsystem__ = 0x3
                0x0000000000200000                __size_of_stack_reserve__ = 0x200000
                0x0000000000001000                __size_of_stack_commit__ = 0x1000
                0x0000000000100000                __size_of_heap_reserve__ = 0x100000
                0x0000000000001000                __size_of_heap_commit__ = 0x1000
                0x0000000000000000                __loader_flags__ = 0x0
                0x0000000000000000                __dll_characteristics__ = 0x0
LOAD content_content.o
LOAD content_content_factory.o
LOAD content_dirlist.o
LOAD content_fetch.o
LOAD content_fetchers_about.o
LOAD content_fetchers_data.o
LOAD content_fetchers_file.o
LOAD content_fetchers_http_kolibri.o
LOAD content_fetchers_resource.o
LOAD content_hlcache.o
LOAD content_llcache.o
LOAD content_mimesniff.o
LOAD content_no_backing_store.o
LOAD content_urldb.o
LOAD css_css.o
LOAD css_dump.o
LOAD css_internal.o
LOAD css_select.o
LOAD css_utils.o
LOAD desktop_browser.o
LOAD desktop_browser_history.o
LOAD desktop_cookie_manager.o
LOAD desktop_download.o
LOAD desktop_font_haru.o
LOAD desktop_frames.o
LOAD desktop_global_history.o
LOAD desktop_gui_factory.o
LOAD desktop_hotlist.o
LOAD desktop_knockout.o
LOAD desktop_mouse.o
LOAD desktop_netsurf.o
LOAD desktop_plot_style.o
LOAD desktop_print.o
LOAD desktop_save_complete.o
LOAD desktop_save_pdf.o
LOAD desktop_save_text.o
LOAD desktop_scrollbar.o
LOAD desktop_search.o
LOAD desktop_searchweb.o
LOAD desktop_selection.o
LOAD desktop_sslcert_viewer.o
LOAD desktop_system_colour.o
LOAD desktop_textarea.o
LOAD desktop_textinput.o
LOAD desktop_tree.o
LOAD desktop_treeview.o
LOAD desktop_version.o
LOAD image_image.o
LOAD image_image_cache.o
LOAD javascript_fetcher.o
LOAD javascript_none_none.o
LOAD kolibrios_fb_bitmap.o
LOAD kolibrios_fb_clipboard.o
LOAD kolibrios_fb_fbtk_bitmap.o
LOAD kolibrios_fb_fbtk_event.o
LOAD kolibrios_fb_fbtk_fbtk.o
LOAD kolibrios_fb_fbtk_fill.o
LOAD kolibrios_fb_fbtk_osk.o
LOAD kolibrios_fb_fbtk_scroll.o
LOAD kolibrios_fb_fbtk_text.o
LOAD kolibrios_fb_fbtk_user.o
LOAD kolibrios_fb_fbtk_window.o
LOAD kolibrios_fb_fetch.o
LOAD kolibrios_fb_findfile.o
LOAD kolibrios_fb_font_freetype.o
LOAD kolibrios_fb_framebuffer.o
LOAD kolibrios_fb_gui.o
LOAD kolibrios_fb_localhistory.o
LOAD kolibrios_fb_misc.o
LOAD kolibrios_fb_schedule.o
LOAD kolibrios_kolibri_debug.o
LOAD kolibrios_kolibri_filesystem.o
LOAD kolibrios_kolibri_http.o
LOAD kolibrios_kolibri_iconv.o
LOAD kolibrios_kolibri_misc.o
LOAD kolibrios_kolibri_regex.o
LOAD kolibrios_main.o
LOAD render_box.o
LOAD render_box_construct.o
LOAD render_box_normalise.o
LOAD render_box_textarea.o
LOAD render_font.o
LOAD render_form.o
LOAD render_html.o
LOAD render_html_css.o
LOAD render_html_css_fetcher.o
LOAD render_html_forms.o
LOAD render_html_interaction.o
LOAD render_html_object.o
LOAD render_html_redraw.o
LOAD render_html_script.o
LOAD render_imagemap.o
LOAD render_layout.o
LOAD render_search.o
LOAD render_table.o
LOAD render_textplain.o
LOAD utils_base64.o
LOAD utils_bloom.o
LOAD utils_corestrings.o
LOAD utils_file.o
LOAD utils_filename.o
LOAD utils_filepath.o
LOAD utils_hashtable.o
LOAD utils_http_challenge.o
LOAD utils_http_content-disposition.o
LOAD utils_http_content-type.o
LOAD utils_http_generics.o
LOAD utils_http_parameter.o
LOAD utils_http_primitives.o
LOAD utils_http_www-authenticate.o
LOAD utils_idna.o
LOAD utils_libdom.o
LOAD utils_locale.o
LOAD utils_log.o
LOAD utils_messages.o
LOAD utils_nsoption.o
LOAD utils_nsurl.o
LOAD utils_punycode.o
LOAD utils_talloc.o
LOAD utils_url.o
LOAD utils_useragent.o
LOAD utils_utf8.o
LOAD utils_utils.o
LOAD /home/bob/ofiles/libcss-charset-detect.o
LOAD /home/bob/ofiles/libcss-lex-lex.o
LOAD /home/bob/ofiles/libcss-parse-font_face.o
LOAD /home/bob/ofiles/libcss-parse-important.o
LOAD /home/bob/ofiles/libcss-parse-language.o
LOAD /home/bob/ofiles/libcss-parse-parse.o
LOAD /home/bob/ofiles/libcss-parse-properties-autogenerated_background_attachment.o
LOAD /home/bob/ofiles/libcss-parse-properties-autogenerated_background_color.o
LOAD /home/bob/ofiles/libcss-parse-properties-autogenerated_background_image.o
LOAD /home/bob/ofiles/libcss-parse-properties-autogenerated_background_repeat.o
LOAD /home/bob/ofiles/libcss-parse-properties-autogenerated_border_bottom.o
LOAD /home/bob/ofiles/libcss-parse-properties-autogenerated_border_bottom_color.o
LOAD /home/bob/ofiles/libcss-parse-properties-autogenerated_border_bottom_style.o
LOAD /home/bob/ofiles/libcss-parse-properties-autogenerated_border_bottom_width.o
LOAD /home/bob/ofiles/libcss-parse-properties-autogenerated_border_collapse.o
LOAD /home/bob/ofiles/libcss-parse-properties-autogenerated_border_left.o
LOAD /home/bob/ofiles/libcss-parse-properties-autogenerated_border_left_color.o
LOAD /home/bob/ofiles/libcss-parse-properties-autogenerated_border_left_style.o
LOAD /home/bob/ofiles/libcss-parse-properties-autogenerated_border_left_width.o
LOAD /home/bob/ofiles/libcss-parse-properties-autogenerated_border_right.o
LOAD /home/bob/ofiles/libcss-parse-properties-autogenerated_border_right_color.o
LOAD /home/bob/ofiles/libcss-parse-properties-autogenerated_border_right_style.o
LOAD /home/bob/ofiles/libcss-parse-properties-autogenerated_border_right_width.o
LOAD /home/bob/ofiles/libcss-parse-properties-autogenerated_border_side_color.o
LOAD /home/bob/ofiles/libcss-parse-properties-autogenerated_border_side_style.o
LOAD /home/bob/ofiles/libcss-parse-properties-autogenerated_border_side_width.o
LOAD /home/bob/ofiles/libcss-parse-properties-autogenerated_border_top.o
LOAD /home/bob/ofiles/libcss-parse-properties-autogenerated_border_top_color.o
LOAD /home/bob/ofiles/libcss-parse-properties-autogenerated_border_top_style.o
LOAD /home/bob/ofiles/libcss-parse-properties-autogenerated_border_top_width.o
LOAD /home/bob/ofiles/libcss-parse-properties-autogenerated_bottom.o
LOAD /home/bob/ofiles/libcss-parse-properties-autogenerated_break_after.o
LOAD /home/bob/ofiles/libcss-parse-properties-autogenerated_break_before.o
LOAD /home/bob/ofiles/libcss-parse-properties-autogenerated_break_inside.o
LOAD /home/bob/ofiles/libcss-parse-properties-autogenerated_caption_side.o
LOAD /home/bob/ofiles/libcss-parse-properties-autogenerated_clear.o
LOAD /home/bob/ofiles/libcss-parse-properties-autogenerated_color.o
LOAD /home/bob/ofiles/libcss-parse-properties-autogenerated_column_count.o
LOAD /home/bob/ofiles/libcss-parse-properties-autogenerated_column_fill.o
LOAD /home/bob/ofiles/libcss-parse-properties-autogenerated_column_gap.o
LOAD /home/bob/ofiles/libcss-parse-properties-autogenerated_column_rule_color.o
LOAD /home/bob/ofiles/libcss-parse-properties-autogenerated_column_rule_style.o
LOAD /home/bob/ofiles/libcss-parse-properties-autogenerated_column_rule_width.o
LOAD /home/bob/ofiles/libcss-parse-properties-autogenerated_column_span.o
LOAD /home/bob/ofiles/libcss-parse-properties-autogenerated_column_width.o
LOAD /home/bob/ofiles/libcss-parse-properties-autogenerated_counter_increment.o
LOAD /home/bob/ofiles/libcss-parse-properties-autogenerated_counter_reset.o
LOAD /home/bob/ofiles/libcss-parse-properties-autogenerated_cue_after.o
LOAD /home/bob/ofiles/libcss-parse-properties-autogenerated_cue_before.o
LOAD /home/bob/ofiles/libcss-parse-properties-autogenerated_direction.o
LOAD /home/bob/ofiles/libcss-parse-properties-autogenerated_display.o
LOAD /home/bob/ofiles/libcss-parse-properties-autogenerated_empty_cells.o
LOAD /home/bob/ofiles/libcss-parse-properties-autogenerated_float.o
LOAD /home/bob/ofiles/libcss-parse-properties-autogenerated_font_size.o
LOAD /home/bob/ofiles/libcss-parse-properties-autogenerated_font_style.o
LOAD /home/bob/ofiles/libcss-parse-properties-autogenerated_font_variant.o
LOAD /home/bob/ofiles/libcss-parse-properties-autogenerated_height.o
LOAD /home/bob/ofiles/libcss-parse-properties-autogenerated_left.o
LOAD /home/bob/ofiles/libcss-parse-properties-autogenerated_letter_spacing.o
LOAD /home/bob/ofiles/libcss-parse-properties-autogenerated_line_height.o
LOAD /home/bob/ofiles/libcss-parse-properties-autogenerated_list_style_image.o
LOAD /home/bob/ofiles/libcss-parse-properties-autogenerated_list_style_position.o
LOAD /home/bob/ofiles/libcss-parse-properties-autogenerated_margin_bottom.o
LOAD /home/bob/ofiles/libcss-parse-properties-autogenerated_margin_left.o
LOAD /home/bob/ofiles/libcss-parse-properties-autogenerated_margin_right.o
LOAD /home/bob/ofiles/libcss-parse-properties-autogenerated_margin_side.o
LOAD /home/bob/ofiles/libcss-parse-properties-autogenerated_margin_top.o
LOAD /home/bob/ofiles/libcss-parse-properties-autogenerated_max_height.o
LOAD /home/bob/ofiles/libcss-parse-properties-autogenerated_max_width.o
LOAD /home/bob/ofiles/libcss-parse-properties-autogenerated_min_height.o
LOAD /home/bob/ofiles/libcss-parse-properties-autogenerated_min_width.o
LOAD /home/bob/ofiles/libcss-parse-properties-autogenerated_orphans.o
LOAD /home/bob/ofiles/libcss-parse-properties-autogenerated_outline_color.o
LOAD /home/bob/ofiles/libcss-parse-properties-autogenerated_outline_style.o
LOAD /home/bob/ofiles/libcss-parse-properties-autogenerated_outline_width.o
LOAD /home/bob/ofiles/libcss-parse-properties-autogenerated_overflow_x.o
LOAD /home/bob/ofiles/libcss-parse-properties-autogenerated_overflow_y.o
LOAD /home/bob/ofiles/libcss-parse-properties-autogenerated_padding_bottom.o
LOAD /home/bob/ofiles/libcss-parse-properties-autogenerated_padding_left.o
LOAD /home/bob/ofiles/libcss-parse-properties-autogenerated_padding_right.o
LOAD /home/bob/ofiles/libcss-parse-properties-autogenerated_padding_side.o
LOAD /home/bob/ofiles/libcss-parse-properties-autogenerated_padding_top.o
LOAD /home/bob/ofiles/libcss-parse-properties-autogenerated_page_break_after.o
LOAD /home/bob/ofiles/libcss-parse-properties-autogenerated_page_break_before.o
LOAD /home/bob/ofiles/libcss-parse-properties-autogenerated_page_break_inside.o
LOAD /home/bob/ofiles/libcss-parse-properties-autogenerated_pause_after.o
LOAD /home/bob/ofiles/libcss-parse-properties-autogenerated_pause_before.o
LOAD /home/bob/ofiles/libcss-parse-properties-autogenerated_pitch.o
LOAD /home/bob/ofiles/libcss-parse-properties-autogenerated_pitch_range.o
LOAD /home/bob/ofiles/libcss-parse-properties-autogenerated_position.o
LOAD /home/bob/ofiles/libcss-parse-properties-autogenerated_richness.o
LOAD /home/bob/ofiles/libcss-parse-properties-autogenerated_right.o
LOAD /home/bob/ofiles/libcss-parse-properties-autogenerated_side.o
LOAD /home/bob/ofiles/libcss-parse-properties-autogenerated_speak.o
LOAD /home/bob/ofiles/libcss-parse-properties-autogenerated_speak_header.o
LOAD /home/bob/ofiles/libcss-parse-properties-autogenerated_speak_numeral.o
LOAD /home/bob/ofiles/libcss-parse-properties-autogenerated_speak_punctuation.o
LOAD /home/bob/ofiles/libcss-parse-properties-autogenerated_speech_rate.o
LOAD /home/bob/ofiles/libcss-parse-properties-autogenerated_stress.o
LOAD /home/bob/ofiles/libcss-parse-properties-autogenerated_table_layout.o
LOAD /home/bob/ofiles/libcss-parse-properties-autogenerated_text_align.o
LOAD /home/bob/ofiles/libcss-parse-properties-autogenerated_text_indent.o
LOAD /home/bob/ofiles/libcss-parse-properties-autogenerated_text_transform.o
LOAD /home/bob/ofiles/libcss-parse-properties-autogenerated_top.o
LOAD /home/bob/ofiles/libcss-parse-properties-autogenerated_unicode_bidi.o
LOAD /home/bob/ofiles/libcss-parse-properties-autogenerated_vertical_align.o
LOAD /home/bob/ofiles/libcss-parse-properties-autogenerated_visibility.o
LOAD /home/bob/ofiles/libcss-parse-properties-autogenerated_volume.o
LOAD /home/bob/ofiles/libcss-parse-properties-autogenerated_white_space.o
LOAD /home/bob/ofiles/libcss-parse-properties-autogenerated_widows.o
LOAD /home/bob/ofiles/libcss-parse-properties-autogenerated_width.o
LOAD /home/bob/ofiles/libcss-parse-properties-autogenerated_word_spacing.o
LOAD /home/bob/ofiles/libcss-parse-properties-autogenerated_writing_mode.o
LOAD /home/bob/ofiles/libcss-parse-properties-autogenerated_z_index.o
LOAD /home/bob/ofiles/libcss-parse-properties-azimuth.o
LOAD /home/bob/ofiles/libcss-parse-properties-background.o
LOAD /home/bob/ofiles/libcss-parse-properties-background_position.o
LOAD /home/bob/ofiles/libcss-parse-properties-border.o
LOAD /home/bob/ofiles/libcss-parse-properties-border_color.o
LOAD /home/bob/ofiles/libcss-parse-properties-border_spacing.o
LOAD /home/bob/ofiles/libcss-parse-properties-border_style.o
LOAD /home/bob/ofiles/libcss-parse-properties-border_width.o
LOAD /home/bob/ofiles/libcss-parse-properties-clip.o
LOAD /home/bob/ofiles/libcss-parse-properties-column_rule.o
LOAD /home/bob/ofiles/libcss-parse-properties-columns.o
LOAD /home/bob/ofiles/libcss-parse-properties-content.o
LOAD /home/bob/ofiles/libcss-parse-properties-cue.o
LOAD /home/bob/ofiles/libcss-parse-properties-cursor.o
LOAD /home/bob/ofiles/libcss-parse-properties-elevation.o
LOAD /home/bob/ofiles/libcss-parse-properties-font.o
LOAD /home/bob/ofiles/libcss-parse-properties-font_family.o
LOAD /home/bob/ofiles/libcss-parse-properties-font_weight.o
LOAD /home/bob/ofiles/libcss-parse-properties-list_style.o
LOAD /home/bob/ofiles/libcss-parse-properties-list_style_type.o
LOAD /home/bob/ofiles/libcss-parse-properties-margin.o
LOAD /home/bob/ofiles/libcss-parse-properties-opacity.o
LOAD /home/bob/ofiles/libcss-parse-properties-outline.o
LOAD /home/bob/ofiles/libcss-parse-properties-overflow.o
LOAD /home/bob/ofiles/libcss-parse-properties-padding.o
LOAD /home/bob/ofiles/libcss-parse-properties-pause.o
LOAD /home/bob/ofiles/libcss-parse-properties-play_during.o
LOAD /home/bob/ofiles/libcss-parse-properties-properties.o
LOAD /home/bob/ofiles/libcss-parse-properties-quotes.o
LOAD /home/bob/ofiles/libcss-parse-properties-text_decoration.o
LOAD /home/bob/ofiles/libcss-parse-properties-utils.o
LOAD /home/bob/ofiles/libcss-parse-properties-voice_family.o
LOAD /home/bob/ofiles/libcss-parse-propstrings.o
LOAD /home/bob/ofiles/libcss-select-computed.o
LOAD /home/bob/ofiles/libcss-select-dispatch.o
LOAD /home/bob/ofiles/libcss-select-font_face.o
LOAD /home/bob/ofiles/libcss-select-hash.o
LOAD /home/bob/ofiles/libcss-select-properties-azimuth.o
LOAD /home/bob/ofiles/libcss-select-properties-background_attachment.o
LOAD /home/bob/ofiles/libcss-select-properties-background_color.o
LOAD /home/bob/ofiles/libcss-select-properties-background_image.o
LOAD /home/bob/ofiles/libcss-select-properties-background_position.o
LOAD /home/bob/ofiles/libcss-select-properties-background_repeat.o
LOAD /home/bob/ofiles/libcss-select-properties-border_bottom_color.o
LOAD /home/bob/ofiles/libcss-select-properties-border_bottom_style.o
LOAD /home/bob/ofiles/libcss-select-properties-border_bottom_width.o
LOAD /home/bob/ofiles/libcss-select-properties-border_collapse.o
LOAD /home/bob/ofiles/libcss-select-properties-border_left_color.o
LOAD /home/bob/ofiles/libcss-select-properties-border_left_style.o
LOAD /home/bob/ofiles/libcss-select-properties-border_left_width.o
LOAD /home/bob/ofiles/libcss-select-properties-border_right_color.o
LOAD /home/bob/ofiles/libcss-select-properties-border_right_style.o
LOAD /home/bob/ofiles/libcss-select-properties-border_right_width.o
LOAD /home/bob/ofiles/libcss-select-properties-border_spacing.o
LOAD /home/bob/ofiles/libcss-select-properties-border_top_color.o
LOAD /home/bob/ofiles/libcss-select-properties-border_top_style.o
LOAD /home/bob/ofiles/libcss-select-properties-border_top_width.o
LOAD /home/bob/ofiles/libcss-select-properties-bottom.o
LOAD /home/bob/ofiles/libcss-select-properties-break_after.o
LOAD /home/bob/ofiles/libcss-select-properties-break_before.o
LOAD /home/bob/ofiles/libcss-select-properties-break_inside.o
LOAD /home/bob/ofiles/libcss-select-properties-caption_side.o
LOAD /home/bob/ofiles/libcss-select-properties-clear.o
LOAD /home/bob/ofiles/libcss-select-properties-clip.o
LOAD /home/bob/ofiles/libcss-select-properties-color.o
LOAD /home/bob/ofiles/libcss-select-properties-column_count.o
LOAD /home/bob/ofiles/libcss-select-properties-column_fill.o
LOAD /home/bob/ofiles/libcss-select-properties-column_gap.o
LOAD /home/bob/ofiles/libcss-select-properties-column_rule_color.o
LOAD /home/bob/ofiles/libcss-select-properties-column_rule_style.o
LOAD /home/bob/ofiles/libcss-select-properties-column_rule_width.o
LOAD /home/bob/ofiles/libcss-select-properties-column_span.o
LOAD /home/bob/ofiles/libcss-select-properties-column_width.o
LOAD /home/bob/ofiles/libcss-select-properties-content.o
LOAD /home/bob/ofiles/libcss-select-properties-counter_increment.o
LOAD /home/bob/ofiles/libcss-select-properties-counter_reset.o
LOAD /home/bob/ofiles/libcss-select-properties-cue_after.o
LOAD /home/bob/ofiles/libcss-select-properties-cue_before.o
LOAD /home/bob/ofiles/libcss-select-properties-cursor.o
LOAD /home/bob/ofiles/libcss-select-properties-direction.o
LOAD /home/bob/ofiles/libcss-select-properties-display.o
LOAD /home/bob/ofiles/libcss-select-properties-elevation.o
LOAD /home/bob/ofiles/libcss-select-properties-empty_cells.o
LOAD /home/bob/ofiles/libcss-select-properties-float.o
LOAD /home/bob/ofiles/libcss-select-properties-font_family.o
LOAD /home/bob/ofiles/libcss-select-properties-font_size.o
LOAD /home/bob/ofiles/libcss-select-properties-font_style.o
LOAD /home/bob/ofiles/libcss-select-properties-font_variant.o
LOAD /home/bob/ofiles/libcss-select-properties-font_weight.o
LOAD /home/bob/ofiles/libcss-select-properties-height.o
LOAD /home/bob/ofiles/libcss-select-properties-helpers.o
LOAD /home/bob/ofiles/libcss-select-properties-left.o
LOAD /home/bob/ofiles/libcss-select-properties-letter_spacing.o
LOAD /home/bob/ofiles/libcss-select-properties-line_height.o
LOAD /home/bob/ofiles/libcss-select-properties-list_style_image.o
LOAD /home/bob/ofiles/libcss-select-properties-list_style_position.o
LOAD /home/bob/ofiles/libcss-select-properties-list_style_type.o
LOAD /home/bob/ofiles/libcss-select-properties-margin_bottom.o
LOAD /home/bob/ofiles/libcss-select-properties-margin_left.o
LOAD /home/bob/ofiles/libcss-select-properties-margin_right.o
LOAD /home/bob/ofiles/libcss-select-properties-margin_top.o
LOAD /home/bob/ofiles/libcss-select-properties-max_height.o
LOAD /home/bob/ofiles/libcss-select-properties-max_width.o
LOAD /home/bob/ofiles/libcss-select-properties-min_height.o
LOAD /home/bob/ofiles/libcss-select-properties-min_width.o
LOAD /home/bob/ofiles/libcss-select-properties-opacity.o
LOAD /home/bob/ofiles/libcss-select-properties-orphans.o
LOAD /home/bob/ofiles/libcss-select-properties-outline_color.o
LOAD /home/bob/ofiles/libcss-select-properties-outline_style.o
LOAD /home/bob/ofiles/libcss-select-properties-outline_width.o
LOAD /home/bob/ofiles/libcss-select-properties-overflow_x.o
LOAD /home/bob/ofiles/libcss-select-properties-overflow_y.o
LOAD /home/bob/ofiles/libcss-select-properties-padding_bottom.o
LOAD /home/bob/ofiles/libcss-select-properties-padding_left.o
LOAD /home/bob/ofiles/libcss-select-properties-padding_right.o
LOAD /home/bob/ofiles/libcss-select-properties-padding_top.o
LOAD /home/bob/ofiles/libcss-select-properties-page_break_after.o
LOAD /home/bob/ofiles/libcss-select-properties-page_break_before.o
LOAD /home/bob/ofiles/libcss-select-properties-page_break_inside.o
LOAD /home/bob/ofiles/libcss-select-properties-pause_after.o
LOAD /home/bob/ofiles/libcss-select-properties-pause_before.o
LOAD /home/bob/ofiles/libcss-select-properties-pitch.o
LOAD /home/bob/ofiles/libcss-select-properties-pitch_range.o
LOAD /home/bob/ofiles/libcss-select-properties-play_during.o
LOAD /home/bob/ofiles/libcss-select-properties-position.o
LOAD /home/bob/ofiles/libcss-select-properties-quotes.o
LOAD /home/bob/ofiles/libcss-select-properties-richness.o
LOAD /home/bob/ofiles/libcss-select-properties-right.o
LOAD /home/bob/ofiles/libcss-select-properties-speak.o
LOAD /home/bob/ofiles/libcss-select-properties-speak_header.o
LOAD /home/bob/ofiles/libcss-select-properties-speak_numeral.o
LOAD /home/bob/ofiles/libcss-select-properties-speak_punctuation.o
LOAD /home/bob/ofiles/libcss-select-properties-speech_rate.o
LOAD /home/bob/ofiles/libcss-select-properties-stress.o
LOAD /home/bob/ofiles/libcss-select-properties-table_layout.o
LOAD /home/bob/ofiles/libcss-select-properties-text_align.o
LOAD /home/bob/ofiles/libcss-select-properties-text_decoration.o
LOAD /home/bob/ofiles/libcss-select-properties-text_indent.o
LOAD /home/bob/ofiles/libcss-select-properties-text_transform.o
LOAD /home/bob/ofiles/libcss-select-properties-top.o
LOAD /home/bob/ofiles/libcss-select-properties-unicode_bidi.o
LOAD /home/bob/ofiles/libcss-select-properties-vertical_align.o
LOAD /home/bob/ofiles/libcss-select-properties-visibility.o
LOAD /home/bob/ofiles/libcss-select-properties-voice_family.o
LOAD /home/bob/ofiles/libcss-select-properties-volume.o
LOAD /home/bob/ofiles/libcss-select-properties-white_space.o
LOAD /home/bob/ofiles/libcss-select-properties-widows.o
LOAD /home/bob/ofiles/libcss-select-properties-width.o
LOAD /home/bob/ofiles/libcss-select-properties-word_spacing.o
LOAD /home/bob/ofiles/libcss-select-properties-writing_mode.o
LOAD /home/bob/ofiles/libcss-select-properties-z_index.o
LOAD /home/bob/ofiles/libcss-select-select.o
LOAD /home/bob/ofiles/libcss-stylesheet.o
LOAD /home/bob/ofiles/libcss-utils-errors.o
LOAD /home/bob/ofiles/libcss-utils-utils.o
LOAD /home/bob/ofiles/libdom-bindings-parser.o
LOAD /home/bob/ofiles/libdom-core-attr.o
LOAD /home/bob/ofiles/libdom-core-cdatasection.o
LOAD /home/bob/ofiles/libdom-core-characterdata.o
LOAD /home/bob/ofiles/libdom-core-comment.o
LOAD /home/bob/ofiles/libdom-core-doc_fragment.o
LOAD /home/bob/ofiles/libdom-core-document.o
LOAD /home/bob/ofiles/libdom-core-document_type.o
LOAD /home/bob/ofiles/libdom-core-element.o
LOAD /home/bob/ofiles/libdom-core-entity_ref.o
LOAD /home/bob/ofiles/libdom-core-implementation.o
LOAD /home/bob/ofiles/libdom-core-namednodemap.o
LOAD /home/bob/ofiles/libdom-core-node.o
LOAD /home/bob/ofiles/libdom-core-nodelist.o
LOAD /home/bob/ofiles/libdom-core-pi.o
LOAD /home/bob/ofiles/libdom-core-string.o
LOAD /home/bob/ofiles/libdom-core-text.o
LOAD /home/bob/ofiles/libdom-core-typeinfo.o
LOAD /home/bob/ofiles/libdom-events-custom_event.o
LOAD /home/bob/ofiles/libdom-events-dispatch.o
LOAD /home/bob/ofiles/libdom-events-document_event.o
LOAD /home/bob/ofiles/libdom-events-event.o
LOAD /home/bob/ofiles/libdom-events-event_listener.o
LOAD /home/bob/ofiles/libdom-events-event_target.o
LOAD /home/bob/ofiles/libdom-events-keyboard_event.o
LOAD /home/bob/ofiles/libdom-events-mouse_event.o
LOAD /home/bob/ofiles/libdom-events-mouse_multi_wheel_event.o
LOAD /home/bob/ofiles/libdom-events-mouse_wheel_event.o
LOAD /home/bob/ofiles/libdom-events-mutation_event.o
LOAD /home/bob/ofiles/libdom-events-mutation_name_event.o
LOAD /home/bob/ofiles/libdom-events-text_event.o
LOAD /home/bob/ofiles/libdom-events-ui_event.o
LOAD /home/bob/ofiles/libdom-html-html_anchor_element.o
LOAD /home/bob/ofiles/libdom-html-html_applet_element.o
LOAD /home/bob/ofiles/libdom-html-html_area_element.o
LOAD /home/bob/ofiles/libdom-html-html_base_element.o
LOAD /home/bob/ofiles/libdom-html-html_basefont_element.o
LOAD /home/bob/ofiles/libdom-html-html_body_element.o
LOAD /home/bob/ofiles/libdom-html-html_br_element.o
LOAD /home/bob/ofiles/libdom-html-html_button_element.o
LOAD /home/bob/ofiles/libdom-html-html_collection.o
LOAD /home/bob/ofiles/libdom-html-html_directory_element.o
LOAD /home/bob/ofiles/libdom-html-html_div_element.o
LOAD /home/bob/ofiles/libdom-html-html_dlist_element.o
LOAD /home/bob/ofiles/libdom-html-html_document.o
LOAD /home/bob/ofiles/libdom-html-html_element.o
LOAD /home/bob/ofiles/libdom-html-html_fieldset_element.o
LOAD /home/bob/ofiles/libdom-html-html_font_element.o
LOAD /home/bob/ofiles/libdom-html-html_form_element.o
LOAD /home/bob/ofiles/libdom-html-html_frame_element.o
LOAD /home/bob/ofiles/libdom-html-html_frameset_element.o
LOAD /home/bob/ofiles/libdom-html-html_head_element.o
LOAD /home/bob/ofiles/libdom-html-html_heading_element.o
LOAD /home/bob/ofiles/libdom-html-html_hr_element.o
LOAD /home/bob/ofiles/libdom-html-html_html_element.o
LOAD /home/bob/ofiles/libdom-html-html_iframe_element.o
LOAD /home/bob/ofiles/libdom-html-html_image_element.o
LOAD /home/bob/ofiles/libdom-html-html_input_element.o
LOAD /home/bob/ofiles/libdom-html-html_isindex_element.o
LOAD /home/bob/ofiles/libdom-html-html_label_element.o
LOAD /home/bob/ofiles/libdom-html-html_legend_element.o
LOAD /home/bob/ofiles/libdom-html-html_li_element.o
LOAD /home/bob/ofiles/libdom-html-html_link_element.o
LOAD /home/bob/ofiles/libdom-html-html_map_element.o
LOAD /home/bob/ofiles/libdom-html-html_menu_element.o
LOAD /home/bob/ofiles/libdom-html-html_meta_element.o
LOAD /home/bob/ofiles/libdom-html-html_mod_element.o
LOAD /home/bob/ofiles/libdom-html-html_object_element.o
LOAD /home/bob/ofiles/libdom-html-html_olist_element.o
LOAD /home/bob/ofiles/libdom-html-html_opt_group_element.o
LOAD /home/bob/ofiles/libdom-html-html_option_element.o
LOAD /home/bob/ofiles/libdom-html-html_options_collection.o
LOAD /home/bob/ofiles/libdom-html-html_paragraph_element.o
LOAD /home/bob/ofiles/libdom-html-html_param_element.o
LOAD /home/bob/ofiles/libdom-html-html_pre_element.o
LOAD /home/bob/ofiles/libdom-html-html_quote_element.o
LOAD /home/bob/ofiles/libdom-html-html_script_element.o
LOAD /home/bob/ofiles/libdom-html-html_select_element.o
LOAD /home/bob/ofiles/libdom-html-html_style_element.o
LOAD /home/bob/ofiles/libdom-html-html_table_element.o
LOAD /home/bob/ofiles/libdom-html-html_tablecaption_element.o
LOAD /home/bob/ofiles/libdom-html-html_tablecell_element.o
LOAD /home/bob/ofiles/libdom-html-html_tablecol_element.o
LOAD /home/bob/ofiles/libdom-html-html_tablerow_element.o
LOAD /home/bob/ofiles/libdom-html-html_tablesection_element.o
LOAD /home/bob/ofiles/libdom-html-html_text_area_element.o
LOAD /home/bob/ofiles/libdom-html-html_title_element.o
LOAD /home/bob/ofiles/libdom-html-html_ulist_element.o
LOAD /home/bob/ofiles/libdom-utils-character_valid.o
LOAD /home/bob/ofiles/libdom-utils-hashtable.o
LOAD /home/bob/ofiles/libdom-utils-namespace.o
LOAD /home/bob/ofiles/libdom-utils-validate.o
LOAD /home/bob/ofiles/libhubbub-charset-detect.o
LOAD /home/bob/ofiles/libhubbub-parser.o
LOAD /home/bob/ofiles/libhubbub-tokeniser-entities.o
LOAD /home/bob/ofiles/libhubbub-tokeniser-tokeniser.o
LOAD /home/bob/ofiles/libhubbub-treebuilder-after_after_body.o
LOAD /home/bob/ofiles/libhubbub-treebuilder-after_after_frameset.o
LOAD /home/bob/ofiles/libhubbub-treebuilder-after_body.o
LOAD /home/bob/ofiles/libhubbub-treebuilder-after_frameset.o
LOAD /home/bob/ofiles/libhubbub-treebuilder-after_head.o
LOAD /home/bob/ofiles/libhubbub-treebuilder-before_head.o
LOAD /home/bob/ofiles/libhubbub-treebuilder-before_html.o
LOAD /home/bob/ofiles/libhubbub-treebuilder-generic_rcdata.o
LOAD /home/bob/ofiles/libhubbub-treebuilder-in_body.o
LOAD /home/bob/ofiles/libhubbub-treebuilder-in_caption.o
LOAD /home/bob/ofiles/libhubbub-treebuilder-in_cell.o
LOAD /home/bob/ofiles/libhubbub-treebuilder-in_column_group.o
LOAD /home/bob/ofiles/libhubbub-treebuilder-in_foreign_content.o
LOAD /home/bob/ofiles/libhubbub-treebuilder-in_frameset.o
LOAD /home/bob/ofiles/libhubbub-treebuilder-in_head.o
LOAD /home/bob/ofiles/libhubbub-treebuilder-in_head_noscript.o
LOAD /home/bob/ofiles/libhubbub-treebuilder-in_row.o
LOAD /home/bob/ofiles/libhubbub-treebuilder-in_select.o
LOAD /home/bob/ofiles/libhubbub-treebuilder-in_select_in_table.o
LOAD /home/bob/ofiles/libhubbub-treebuilder-in_table.o
LOAD /home/bob/ofiles/libhubbub-treebuilder-in_table_body.o
LOAD /home/bob/ofiles/libhubbub-treebuilder-initial.o
LOAD /home/bob/ofiles/libhubbub-treebuilder-treebuilder.o
LOAD /home/bob/ofiles/libhubbub-utils-errors.o
LOAD /home/bob/ofiles/libhubbub-utils-string.o
LOAD /home/bob/ofiles/libnsbmp-libnsbmp.o
LOAD /home/bob/ofiles/libnsgif-libnsgif.o
LOAD /home/bob/ofiles/libnsutils-base64.o
LOAD /home/bob/ofiles/libnsutils-time.o
LOAD /home/bob/ofiles/libnsutils-unistd.o
LOAD /home/bob/ofiles/libparserutils-charset-aliases.o
LOAD /home/bob/ofiles/libparserutils-charset-codec.o
LOAD /home/bob/ofiles/libparserutils-charset-codecs-codec_8859.o
LOAD /home/bob/ofiles/libparserutils-charset-codecs-codec_ascii.o
LOAD /home/bob/ofiles/libparserutils-charset-codecs-codec_ext8.o
LOAD /home/bob/ofiles/libparserutils-charset-codecs-codec_utf16.o
LOAD /home/bob/ofiles/libparserutils-charset-codecs-codec_utf8.o
LOAD /home/bob/ofiles/libparserutils-charset-encodings-utf16.o
LOAD /home/bob/ofiles/libparserutils-charset-encodings-utf8.o
LOAD /home/bob/ofiles/libparserutils-input-filter.o
LOAD /home/bob/ofiles/libparserutils-input-inputstream.o
LOAD /home/bob/ofiles/libparserutils-utils-buffer.o
LOAD /home/bob/ofiles/libparserutils-utils-errors.o
LOAD /home/bob/ofiles/libparserutils-utils-stack.o
LOAD /home/bob/ofiles/libparserutils-utils-vector.o
LOAD /home/bob/ofiles/libutf8proc-utf8proc.o
LOAD /home/bob/ofiles/libwapcaplet-libwapcaplet.o
LOAD loadboxlib.obj
LOAD loadhttp.obj

.text           0x0000000000000000   0x15e200
                0x0000000000000000        0x4 LONG 0x554e454d
                0x0000000000000004        0x4 LONG 0x32305445
                0x0000000000000008        0x4 LONG 0x1
                0x000000000000000c        0x4 LONG 0x280 __start
                0x0000000000000010        0x4 LONG 0x27920c ___iend
                0x0000000000000014        0x4 LONG 0x2b1fd0 ___memsize
                0x0000000000000018        0x4 LONG 0x2b1fd0 ___stacktop
                0x000000000000001c        0x4 LONG 0x2b1ac0 ___cmdline
                0x0000000000000020        0x4 LONG 0x2b1bc0 ___pgmname
                0x0000000000000024        0x4 LONG 0x0
                0x0000000000000028        0x4 LONG 0x279210 __idata_start
                0x000000000000002c        0x4 LONG 0x27996c __idata_end
                0x0000000000000030        0x4 LONG 0x5bb65 _main
 *(.init)
 .init          0x0000000000000034      0x249 loadboxlib.obj
                0x00000000000001ba                init_boxlib_asm
                0x00000000000001e0                editbox_key@4
                0x0000000000000218                edit_box_draw
                0x000000000000021c                edit_box_key
                0x0000000000000220                edit_box_mouse
                0x0000000000000224                check_box_draw2
                0x0000000000000228                check_box_mouse2
 *fill*         0x000000000000027d        0x3 
 .init          0x0000000000000280       0x84 /home/autobuild/tools/win32/lib/libapp.a(start.o)
                0x0000000000000280                _start
 *(.text)
 .text          0x0000000000000304     0x2978 content_content.o
                0x0000000000000304                content__init
                0x0000000000000813                content_can_reformat
                0x0000000000000923                content_set_status
                0x0000000000000aaf                content_set_ready
                0x0000000000000b61                content_set_done
                0x0000000000000bec                content_set_error
                0x0000000000000c05                content_reformat
                0x0000000000000c41                content__reformat
                0x0000000000000de4                content_destroy
                0x0000000000000fad                content_mouse_track
                0x000000000000108a                content_mouse_action
                0x0000000000001105                content_keypress
                0x0000000000001171                content_request_redraw
                0x00000000000011a8                content__request_redraw
                0x0000000000001255                content_redraw
                0x00000000000012e4                content_scaled_redraw
                0x00000000000014f3                content_add_user
                0x00000000000015a5                content_remove_user
                0x00000000000016c0                content_count_users
                0x0000000000001747                content_matches_quirks
                0x0000000000001782                content_is_shareable
                0x00000000000017a2                content_broadcast
                0x0000000000001868                content_broadcast_errorcode
                0x0000000000001935                content_open
                0x00000000000019f7                content_close
                0x0000000000001aa4                content_clear_selection
                0x0000000000001b02                content_get_selection
                0x0000000000001b67                content_get_contextual_content
                0x0000000000001bea                content_scroll_at_point
                0x0000000000001c6b                content_drop_file_at_point
                0x0000000000001ce5                content_search
                0x0000000000001d58                content_search_clear
                0x0000000000001db6                content_debug_dump
                0x0000000000001e29                content_debug
                0x0000000000001e78                content_add_error
                0x0000000000001e7d                content_find_rfc5988_link
                0x0000000000001f39                content__free_rfc5988_link
                0x00000000000021ae                content__add_rfc5988_link
                0x0000000000002430                content_get_url
                0x0000000000002452                content_get_type
                0x0000000000002480                content_get_mime_type
                0x000000000000249b                content__get_mime_type
                0x00000000000024f6                content__set_title
                0x000000000000253f                content_get_title
                0x000000000000255a                content__get_title
                0x0000000000002596                content_get_status
                0x00000000000025b1                content__get_status
                0x00000000000025c9                content_get_status_message
                0x00000000000025e4                content__get_status_message
                0x00000000000025fc                content_get_width
                0x0000000000002617                content__get_width
                0x000000000000262f                content_get_height
                0x000000000000264a                content__get_height
                0x0000000000002662                content_get_available_width
                0x000000000000267d                content__get_available_width
                0x0000000000002695                content_get_source_data
                0x00000000000026b7                content__get_source_data
                0x0000000000002718                content_invalidate_reuse_data
                0x0000000000002733                content__invalidate_reuse_data
                0x0000000000002759                content_get_refresh_url
                0x0000000000002774                content__get_refresh_url
                0x000000000000278c                content_get_bitmap
                0x00000000000027a7                content__get_bitmap
                0x000000000000280f                content_get_opaque
                0x000000000000282a                content__get_opaque
                0x00000000000028b3                content_get_quirks
                0x00000000000028dd                content_get_encoding
                0x00000000000028ff                content__get_encoding
                0x0000000000002949                content_is_locked
                0x0000000000002964                content__is_locked
                0x0000000000002973                content_get_llcache_handle
                0x000000000000298a                content_clone
                0x00000000000029bd                content__clone
                0x0000000000002c11                content_abort
 .text          0x0000000000002c7c      0x440 content_content_factory.o
                0x0000000000002c7c                content_factory_fini
                0x0000000000002d38                content_factory_register_handler
                0x0000000000002f86                content_factory_type_from_mime_type
                0x0000000000002fb7                content_factory_create_content
 .text          0x00000000000030bc      0x464 content_dirlist.o
                0x00000000000030bc                dirlist_generate_top
                0x00000000000030fb                dirlist_generate_hide_columns
                0x00000000000031c5                dirlist_generate_title
                0x000000000000321f                dirlist_generate_parent_link
                0x0000000000003275                dirlist_generate_headings
                0x0000000000003319                dirlist_generate_row
                0x000000000000345b                dirlist_generate_bottom
 .text          0x0000000000003520     0x1398 content_fetch.o
                0x0000000000003a36                fetcher_init
                0x0000000000003aa8                fetcher_quit
                0x0000000000003bc9                fetcher_add
                0x0000000000003c97                FD_ZERO
                0x0000000000003c9c                fetcher_fdset
                0x0000000000003dca                fetch_start
                0x0000000000004290                fetch_abort
                0x00000000000042e5                fetch_free
                0x00000000000043c6                fetch_can_fetch
                0x0000000000004486                fetch_change_callback
                0x00000000000044c9                fetch_http_code
                0x00000000000044d4                fetch_get_verifiable
                0x000000000000450d                fetch_multipart_data_clone
                0x00000000000046a7                fetch_multipart_data_destroy
                0x0000000000004705                fetch_send_callback
                0x0000000000004724                fetch_remove_from_queues
                0x00000000000047f6                fetch_set_http_code
                0x0000000000004804                fetch_get_referer_to_send
                0x000000000000482c                fetch_set_cookie
 .text          0x00000000000048b8     0x11f0 content_fetchers_about.o
                0x0000000000005a0f                fetch_about_register
 .text          0x0000000000005aa8      0x88c content_fetchers_data.o
                0x000000000000629a                fetch_data_register
 .text          0x0000000000006334     0x10fc content_fetchers_file.o
                0x0000000000007394                fetch_file_register
 .text          0x0000000000007430      0x22c content_fetchers_http_kolibri.o
                0x0000000000007430                http_kolibri_handle_init
                0x000000000000743a                http_kolibri_multi_fdset
                0x000000000000743f                fetch_http_kolibri_initialise
                0x000000000000748b                fetch_http_kolibri_can_fetch
                0x00000000000074a6                fetch_http_kolibri_setup
                0x0000000000007504                fetch_http_kolibri_start
                0x0000000000007563                fetch_http_kolibri_abort
                0x0000000000007568                fetch_http_kolibri_free
                0x0000000000007584                fetch_http_kolibri_poll
                0x00000000000075bf                fetch_http_kolibri_finalise
                0x00000000000075c4                fetch_http_kolibri_register
                0x0000000000007657                kolibri_getdate
 .text          0x000000000000765c      0xb50 content_fetchers_resource.o
                0x0000000000008112                fetch_resource_register
 .text          0x00000000000081ac     0x1634 content_hlcache.o
                0x0000000000008d53                hlcache_initialise
                0x0000000000008e48                hlcache_stop
                0x0000000000008e72                hlcache_finalise
                0x000000000000915d                hlcache_handle_retrieve
                0x000000000000936c                hlcache_handle_release
                0x00000000000094b4                hlcache_handle_get_content
                0x00000000000094d6                hlcache_handle_abort
                0x000000000000970c                hlcache_handle_replace_callback
                0x0000000000009728                hlcache_handle_clone
                0x000000000000973b                hlcache_handle_get_url
 .text          0x00000000000097e0     0x48ac content_llcache.o
                0x000000000000d4cc                llcache_clean
                0x000000000000d81f                llcache_initialise
                0x000000000000d91a                llcache_finalise
                0x000000000000dba8                llcache_handle_retrieve
                0x000000000000dc7c                llcache_handle_change_callback
                0x000000000000dc98                llcache_handle_release
                0x000000000000dd27                llcache_handle_clone
                0x000000000000dd86                llcache_handle_abort
                0x000000000000dedf                llcache_handle_force_stream
                0x000000000000df77                llcache_handle_invalidate_cache_data
                0x000000000000dfae                llcache_handle_get_url
                0x000000000000dfcb                llcache_handle_get_source_data
                0x000000000000e005                llcache_handle_get_header
                0x000000000000e075                llcache_handle_references_same_object
 .text          0x000000000000e08c     0x2a9c content_mimesniff.o
                0x000000000000e08c                mimesniff_init
                0x000000000000e556                mimesniff_fini
                0x000000000001016e                mimesniff_compute_effective_type
 .text          0x0000000000010b28       0x3c content_no_backing_store.o
 .text          0x0000000000010b64     0x8250 content_urldb.o
                0x000000000001491d                urldb_destroy
                0x000000000001499b                urldb_load
                0x000000000001534c                urldb_save
                0x000000000001542e                urldb_set_url_persistence
                0x0000000000015486                urldb_add_url
                0x0000000000015907                urldb_set_url_title
                0x0000000000015982                urldb_set_url_content_type
                0x00000000000159d3                urldb_update_url_visit_data
                0x0000000000015a3c                urldb_reset_url_visit_data
                0x0000000000015a98                urldb_get_url_data
                0x0000000000015af1                urldb_get_url
                0x0000000000015b43                urldb_set_auth_details
                0x0000000000015d3f                urldb_get_auth_details
                0x0000000000015e52                urldb_set_cert_permissions
                0x0000000000015f00                urldb_get_cert_permissions
                0x0000000000015f9f                urldb_set_thumbnail
                0x0000000000016057                urldb_get_thumbnail
                0x00000000000160aa                urldb_iterate_partial
                0x00000000000162e4                urldb_iterate_entries
                0x0000000000016353                urldb_iterate_cookies
                0x00000000000163c2                urldb_set_cookie
                0x0000000000016ecf                urldb_get_cookie
                0x00000000000176f8                urldb_delete_cookie
                0x0000000000017721                urldb_load_cookies
                0x0000000000018872                urldb_save_cookies
                0x0000000000018941                urldb_dump
                0x0000000000018982                urldb_add_host
                0x0000000000018bb3                urldb_add_path
 .text          0x0000000000018db4     0x1118 css_css.o
                0x000000000001968e                nscss_get_stylesheet
                0x00000000000196d7                nscss_get_imports
                0x0000000000019e95                nscss_init
 .text          0x0000000000019ecc     0x4c6c css_dump.o
                0x0000000000019f2e                nscss_dump_computed_style
 .text          0x000000000001eb38      0x124 css_internal.o
                0x000000000001eb38                nscss_resolve_url
 .text          0x000000000001ec5c     0x573c css_select.o
                0x000000000001f03f                nscss_create_inline_style
                0x000000000001f3ca                nscss_get_style
                0x000000000001f56f                nscss_get_blank_style
                0x000000000001f5d9                nscss_compute_font_size
                0x000000000001f8a8                nscss_parse_colour
 .text          0x0000000000024398      0x454 css_utils.o
                0x0000000000024505                nscss_len2pt
                0x000000000002460c                nscss_len2px
 .text          0x00000000000247ec     0x62f0 desktop_browser.o
                0x00000000000248ce                browser_window_get_name
                0x0000000000024913                browser_window_set_name
                0x000000000002499c                browser_window_redraw
                0x00000000000251db                browser_window_redraw_ready
                0x000000000002524d                browser_window_update_extent
                0x0000000000025282                browser_window_get_position
                0x0000000000025458                browser_window_set_position
                0x00000000000254fb                browser_window_set_drag_type
                0x0000000000025582                browser_window_get_drag_type
                0x000000000002558d                browser_window_get_root
                0x00000000000255b6                browser_window_get_editor_flags
                0x000000000002565f                browser_window_can_select
                0x00000000000256ad                browser_window_get_selection
                0x000000000002574a                browser_window_can_search
                0x0000000000025798                browser_window_is_frameset
                0x00000000000257ab                browser_window_get_scrollbar_type
                0x00000000000258b2                browser_window_scroll_visible
                0x0000000000025989                browser_window_set_scroll
                0x0000000000025b46                browser_window_get_features
                0x0000000000025b95                browser_window_scroll_at_point
                0x0000000000025d59                browser_window_drop_file_at_point
                0x0000000000025ea7                browser_window_set_gadget_filename
                0x0000000000025eca                browser_window_debug_dump
                0x0000000000025efd                browser_window_debug
                0x0000000000025f96                browser_window_create
                0x00000000000261b7                browser_window_initialise_common
                0x0000000000027f1f                browser_window_destroy
                0x0000000000027f6e                browser_window_refresh_url_bar
                0x000000000002805b                browser_window_navigate
                0x0000000000028617                browser_window_up_available
                0x00000000000286a4                browser_window_navigate_up
                0x00000000000287a6                browser_window_get_url
                0x000000000002880f                browser_window_get_title
                0x0000000000028866                browser_window_get_history
                0x000000000002889e                browser_window_has_content
                0x00000000000288e5                browser_window_get_content
                0x00000000000288ef                browser_window_get_extents
                0x00000000000289e8                browser_window_get_dimensions
                0x0000000000028a6e                browser_window_set_dimensions
                0x0000000000028b11                browser_window_update
                0x0000000000028dd7                browser_window_update_box
                0x0000000000028f68                browser_window_stop
                0x0000000000029109                browser_window_reload
                0x0000000000029248                browser_window_set_status
                0x0000000000029366                browser_window_set_pointer
                0x0000000000029471                browser_window_schedule_reformat
                0x00000000000294f2                browser_window_reformat
                0x00000000000296df                browser_window_set_scale
                0x0000000000029744                browser_window_get_scale
                0x0000000000029967                browser_window_find_target
                0x0000000000029ea4                browser_window_mouse_track
                0x000000000002a45f                browser_window_mouse_click
                0x000000000002a8cd                browser_window_redraw_rect
                0x000000000002a8fe                browser_window_page_drag_start
                0x000000000002a9d6                browser_window_back_available
                0x000000000002aa0c                browser_window_forward_available
                0x000000000002aa42                browser_window_reload_available
                0x000000000002aa6f                browser_window_stop_available
                0x000000000002aab1                browser_set_dpi
                0x000000000002aace                browser_get_dpi
 .text          0x000000000002aadc     0x1898 desktop_browser_history.o
                0x000000000002b5fd                browser_window_history_create
                0x000000000002b655                browser_window_history_clone
                0x000000000002b74a                browser_window_history_add
                0x000000000002ba82                browser_window_history_update
                0x000000000002bbaa                browser_window_history_destroy
                0x000000000002bc10                browser_window_history_back
                0x000000000002bc75                browser_window_history_forward
                0x000000000002bcda                browser_window_history_back_available
                0x000000000002bd1b                browser_window_history_forward_available
                0x000000000002bd5c                browser_window_history_go
                0x000000000002be8a                browser_window_history_size
                0x000000000002bf06                browser_window_history_redraw
                0x000000000002bfe0                browser_window_history_redraw_rectangle
                0x000000000002c078                browser_window_history_click
                0x000000000002c115                browser_window_history_position_url
                0x000000000002c188                browser_window_history_enumerate_forward
                0x000000000002c226                browser_window_history_enumerate_back
                0x000000000002c2c4                browser_window_history_enumerate
                0x000000000002c303                browser_window_history_entry_get_url
                0x000000000002c318                browser_window_history_entry_get_fragment_id
                0x000000000002c368                browser_window_history_entry_get_title
 .text          0x000000000002c374     0x142c desktop_cookie_manager.o
                0x000000000002cb6d                cookie_manager_add
                0x000000000002ccbd                cookie_manager_remove
                0x000000000002d44e                cookie_manager_init
                0x000000000002d56b                cookie_manager_fini
                0x000000000002d6cb                cookie_manager_redraw
                0x000000000002d6fc                cookie_manager_mouse_action
                0x000000000002d726                cookie_manager_keypress
                0x000000000002d742                cookie_manager_has_selection
                0x000000000002d757                cookie_manager_expand
                0x000000000002d77a                cookie_manager_contract
 .text          0x000000000002d7a0      0x6fc desktop_download.o
                0x000000000002dcfa                download_context_create
                0x000000000002dd76                download_context_destroy
                0x000000000002de1b                download_context_abort
                0x000000000002de30                download_context_get_url
                0x000000000002de45                download_context_get_mime_type
                0x000000000002de84                download_context_get_total_length
                0x000000000002de8f                download_context_get_filename
 .text          0x000000000002de9c        0x0 desktop_font_haru.o
 .text          0x000000000002de9c     0x25d0 desktop_frames.o
                0x000000000002de9c                browser_window_scroll_callback
                0x000000000002dfed                browser_window_handle_scrollbars
                0x000000000002e2b1                browser_window_create_iframes
                0x000000000002e58b                browser_window_recalculate_iframes
                0x000000000002e5d6                browser_window_create_frameset
                0x000000000002ea96                browser_window_recalculate_frameset
                0x000000000002f798                browser_window_resize_frame
                0x0000000000030400                browser_window_frame_resize_start
 .text          0x000000000003046c     0x1430 desktop_global_history.o
                0x000000000003117a                global_history_init
                0x00000000000312ef                global_history_fini
                0x0000000000031408                global_history_add
                0x0000000000031606                global_history_export
                0x0000000000031762                global_history_redraw
                0x0000000000031793                global_history_mouse_action
                0x00000000000317bd                global_history_keypress
                0x00000000000317d9                global_history_has_selection
                0x00000000000317ee                global_history_get_selection
                0x0000000000031854                global_history_expand
                0x0000000000031877                global_history_contract
 .text          0x000000000003189c      0xb94 desktop_gui_factory.o
                0x000000000003217d                netsurf_register
 .text          0x0000000000032430     0x2458 desktop_hotlist.o
                0x0000000000033a2e                hotlist_export
                0x0000000000033c41                hotlist_iterate
                0x0000000000033f35                hotlist_init
                0x000000000003405a                hotlist_fini
                0x00000000000341b6                hotlist_add_url
                0x00000000000342f6                hotlist_has_url
                0x00000000000343c5                hotlist_remove_url
                0x0000000000034544                hotlist_update_url
                0x00000000000345a9                hotlist_add_entry
                0x00000000000346b8                hotlist_add_folder
                0x0000000000034739                hotlist_redraw
                0x000000000003476a                hotlist_mouse_action
                0x0000000000034794                hotlist_keypress
                0x00000000000347b0                hotlist_has_selection
                0x00000000000347c5                hotlist_get_selection
                0x000000000003482a                hotlist_edit_selection
                0x000000000003483f                hotlist_expand
                0x0000000000034862                hotlist_contract
 .text          0x0000000000034888     0x1d44 desktop_knockout.o
                0x0000000000034888                knockout_plot_start
                0x0000000000034998                knockout_plot_end
 .text          0x00000000000365cc      0x200 desktop_mouse.o
                0x00000000000365cc                browser_mouse_state_dump
 .text          0x00000000000367cc      0x678 desktop_netsurf.o
                0x000000000003690e                netsurf_init
                0x0000000000036c09                netsurf_exit
 .text          0x0000000000036e44        0x0 desktop_plot_style.o
 .text          0x0000000000036e44      0x7f4 desktop_print.o
                0x0000000000036ef6                print_basic_run
                0x0000000000036fc5                print_set_up
                0x0000000000037043                print_draw_next_page
                0x000000000003731b                print_cleanup
                0x0000000000037366                print_make_settings
 .text          0x0000000000037638     0x2654 desktop_save_complete.o
                0x0000000000039c05                save_complete_init
                0x0000000000039c29                save_complete
 .text          0x0000000000039c8c        0x8 desktop_save_pdf.o
                0x0000000000039c8c                save_pdf
 .text          0x0000000000039c94      0x6c8 desktop_save_text.o
                0x0000000000039c94                save_as_text
                0x0000000000039e4f                save_text_solve_whitespace
 .text          0x000000000003a35c     0x1d20 desktop_scrollbar.o
                0x000000000003a35c                scrollbar_create
                0x000000000003a472                scrollbar_destroy
                0x000000000003a767                scrollbar_redraw
                0x000000000003b31e                scrollbar_set
                0x000000000003b47e                scrollbar_scroll
                0x000000000003b5e1                scrollbar_get_offset
                0x000000000003b5f9                scrollbar_set_extents
                0x000000000003b747                scrollbar_is_horizontal
                0x000000000003b8b4                scrollbar_mouse_action
                0x000000000003bd10                scrollbar_mouse_status_to_message
                0x000000000003be64                scrollbar_mouse_drag_end
                0x000000000003bfea                scrollbar_start_content_drag
                0x000000000003c01b                scrollbar_make_pair
                0x000000000003c070                scrollbar_get_data
 .text          0x000000000003c07c       0x60 desktop_search.o
                0x000000000003c07c                browser_window_search
                0x000000000003c0b5                browser_window_search_clear
 .text          0x000000000003c0dc      0xc1c desktop_searchweb.o
                0x000000000003c6e7                search_web_omni
                0x000000000003c818                search_web_select_provider
                0x000000000003caae                search_web_iterate_providers
                0x000000000003caf5                search_web_init
                0x000000000003cc46                search_web_finalise
 .text          0x000000000003ccf8     0x1470 desktop_selection.o
                0x000000000003cd27                selection_create
                0x000000000003cd6f                selection_prepare
                0x000000000003cdc6                selection_destroy
                0x000000000003cddf                selection_reinit
                0x000000000003cec8                selection_init
                0x000000000003cfc7                selection_click
                0x000000000003d209                selection_track
                0x000000000003dcf4                selection_get_copy
                0x000000000003dd86                selection_copy_to_clipboard
                0x000000000003de57                selection_clear
                0x000000000003deeb                selection_select_all
                0x000000000003df4c                selection_set_start
                0x000000000003dffb                selection_set_end
                0x000000000003e0aa                selection_highlighted
 .text          0x000000000003e168      0xcd8 desktop_sslcert_viewer.o
                0x000000000003e8d6                sslcert_viewer_init
                0x000000000003ea9d                sslcert_viewer_fini
                0x000000000003ebc1                sslcert_viewer_create_session_data
                0x000000000003ece5                sslcert_viewer_reject
                0x000000000003ed35                sslcert_viewer_accept
                0x000000000003ed9b                sslcert_viewer_redraw
                0x000000000003edf7                sslcert_viewer_mouse_action
                0x000000000003ee22                sslcert_viewer_keypress
 .text          0x000000000003ee40      0x2a0 desktop_system_colour.o
                0x000000000003ee40                ns_system_colour_init
                0x000000000003eec5                ns_system_colour_finalize
                0x000000000003ef51                ns_system_colour_char
                0x000000000003efb6                ns_system_colour
 .text          0x000000000003f0e0     0x759c desktop_textarea.o
                0x00000000000426de                textarea_create
                0x0000000000042c4a                textarea_destroy
                0x0000000000042cec                textarea_set_text
                0x0000000000042e7a                textarea_drop_text
                0x0000000000043005                textarea_get_text
                0x0000000000043094                textarea_set_caret
                0x0000000000043119                textarea_redraw
                0x0000000000044573                textarea_keypress
                0x0000000000045b76                textarea_mouse_action
                0x0000000000046078                textarea_clear_selection
                0x000000000004633c                textarea_get_selection
                0x00000000000463e0                textarea_get_dimensions
                0x0000000000046407                textarea_set_dimensions
                0x000000000004649e                textarea_set_layout
                0x0000000000046589                textarea_scroll
 .text          0x000000000004667c      0x25c desktop_textinput.o
                0x000000000004667c                browser_window_place_caret
                0x00000000000467e4                browser_window_remove_caret
                0x0000000000046866                browser_window_key_press
 .text          0x00000000000468d8      0x8a0 desktop_tree.o
                0x0000000000046f2b                tree_create
                0x0000000000046fd4                tree_delete
                0x0000000000046ff2                tree_draw
                0x0000000000047060                tree_mouse_action
                0x00000000000470c2                tree_drag_end
                0x0000000000047115                tree_keypress
                0x000000000004713f                tree_drag_status
 .text          0x0000000000047178     0x761c desktop_treeview.o
                0x00000000000479ea                treeview_create_node_folder
                0x0000000000047bf8                treeview_update_node_folder
                0x0000000000047e30                treeview_update_node_entry
                0x0000000000048242                treeview_create_node_entry
                0x00000000000486ea                treeview_walk
                0x0000000000048f7f                treeview_delete_node
                0x000000000004913d                treeview_create
                0x00000000000495f2                treeview_destroy
                0x0000000000049a27                treeview_node_expand
                0x0000000000049cc9                treeview_node_contract
                0x0000000000049d6f                treeview_contract
                0x0000000000049fa4                treeview_expand
                0x000000000004a098                treeview_redraw
                0x000000000004ad69                treeview_has_selection
                0x000000000004adf3                treeview_get_selection
                0x000000000004b75e                treeview_get_relation
                0x000000000004bb4e                treeview_keypress
                0x000000000004c620                treeview_edit_selection
                0x000000000004d069                treeview_mouse_action
                0x000000000004d4fa                treeview_get_height
                0x000000000004e518                treeview_init
                0x000000000004e648                treeview_fini
 .text          0x000000000004e794        0x0 desktop_version.o
 .text          0x000000000004e794      0x214 image_image.o
                0x000000000004e794                image_init
                0x000000000004e7a6                image_bitmap_plot
 .text          0x000000000004e9a8     0x1cf8 image_image_cache.o
                0x000000000004ed4f                image_cache_get_bitmap
                0x000000000004ee66                image_cache_speculate
                0x000000000004eea0                image_cache_find_bitmap
                0x000000000004eec9                image_cache_init
                0x000000000004ef8f                image_cache_fini
                0x000000000004f460                image_cache_add
                0x000000000004f5c4                image_cache_remove
                0x000000000004f62d                image_cache_snsummaryf
                0x0000000000050033                image_cache_snentryf
                0x0000000000050495                image_cache_redraw
                0x0000000000050621                image_cache_destroy
                0x0000000000050680                image_cache_get_internal
                0x0000000000050693                image_cache_content_type
 .text          0x00000000000506a0      0x304 javascript_fetcher.o
                0x000000000005090a                fetch_javascript_register
 .text          0x00000000000509a4       0x58 javascript_none_none.o
                0x00000000000509a4                js_initialise
                0x00000000000509b7                js_finalise
                0x00000000000509bc                js_newcontext
                0x00000000000509cf                js_destroycontext
                0x00000000000509d4                js_newcompartment
                0x00000000000509de                js_exec
                0x00000000000509e8                js_fire_event
                0x00000000000509f2                js_handle_new_element
                0x00000000000509f7                js_event_cleanup
 .text          0x00000000000509fc      0x69c kolibrios_fb_bitmap.o
                0x0000000000050db3                framebuffer_bitmap_get_opaque
 .text          0x0000000000051098      0x168 kolibrios_fb_clipboard.o
 .text          0x0000000000051200      0x284 kolibrios_fb_fbtk_bitmap.o
                0x0000000000051310                fbtk_set_bitmap
                0x0000000000051345                fbtk_create_bitmap
                0x00000000000513c1                fbtk_create_button
 .text          0x0000000000051484      0x6cc kolibrios_fb_fbtk_event.o
                0x0000000000051484                fbtk_input
                0x00000000000514f9                fbtk_click
                0x00000000000515ff                fbtk_tgrab_pointer
                0x000000000005165c                fbtk_warp_pointer
                0x00000000000518b3                fbtk_event
                0x0000000000051a7e                fbtk_keycode_to_ucs4
 .text          0x0000000000051b50      0xff0 kolibrios_fb_fbtk_fbtk.o
                0x0000000000051b50                fbtk_request_redraw
                0x0000000000051c32                fbtk_set_mapping
                0x0000000000051d91                fbtk_set_zorder
                0x0000000000051de4                fbtk_set_pos_and_size
                0x0000000000051ef1                fbtk_set_caret
                0x0000000000051fea                fbtk_destroy_widget
                0x000000000005208f                fbtk_clip_rect
                0x00000000000522d7                fbtk_clip_to_widget
                0x0000000000052311                fbtk_set_ptr
                0x0000000000052391                fbtk_get_root_widget
                0x00000000000523f4                fbtk_get_absx
                0x0000000000052426                fbtk_get_absy
                0x0000000000052458                fbtk_get_height
                0x0000000000052463                fbtk_get_width
                0x000000000005246e                fbtk_get_bbox
                0x000000000005251f                fbtk_get_caret
                0x0000000000052594                fbtk_get_widget_at
                0x000000000005262e                fbtk_widget_new
                0x000000000005276f                fbtk_get_redraw_pending
                0x0000000000052890                fbtk_redraw
                0x00000000000528be                fbtk_get_handler
                0x00000000000528e2                fbtk_set_handler
                0x000000000005292d                fbtk_post_callback
                0x0000000000052a46                fbtk_set_focus
                0x0000000000052a9c                fbtk_get_nsfb
                0x0000000000052abb                fbtk_init
 .text          0x0000000000052b40       0xec kolibrios_fb_fbtk_fill.o
                0x0000000000052bbc                fbtk_create_fill
 .text          0x0000000000052c2c      0x370 kolibrios_fb_fbtk_osk.o
                0x0000000000052c9e                fbtk_enable_oskb
                0x0000000000052f6a                map_osk
 .text          0x0000000000052f9c     0x1348 kolibrios_fb_fbtk_scroll.o
                0x0000000000053670                fbtk_create_vscroll
                0x00000000000537f1                fbtk_reposition_vscroll
                0x0000000000053f4f                fbtk_create_hscroll
                0x00000000000540d0                fbtk_reposition_hscroll
                0x00000000000541bc                fbtk_set_scroll_parameters
                0x000000000005426b                fbtk_set_scroll_position
 .text          0x00000000000542e4     0x1254 kolibrios_fb_fbtk_text.o
                0x0000000000055086                fbtk_writable_text
                0x00000000000550c8                fbtk_set_text
                0x000000000005526e                fbtk_create_text
                0x000000000005531d                fbtk_create_writable_text
                0x000000000005544b                fbtk_create_text_button
 .text          0x0000000000055538       0x7c kolibrios_fb_fbtk_user.o
                0x0000000000055538                fbtk_get_userpw
                0x0000000000055561                fbtk_create_user
 .text          0x00000000000555b4       0xfc kolibrios_fb_fbtk_window.o
                0x0000000000055637                fbtk_create_window
 .text          0x00000000000556b0      0x260 kolibrios_fb_fetch.o
 .text          0x0000000000055910       0x40 kolibrios_fb_findfile.o
                0x0000000000055910                fb_init_resource
 .text          0x0000000000055950      0xb98 kolibrios_fb_font_freetype.o
                0x0000000000055b93                fb_font_init
                0x0000000000055fe3                fb_font_finalise
                0x00000000000561dd                fb_getglyph
 .text          0x00000000000564e8      0x9b4 kolibrios_fb_framebuffer.o
                0x0000000000056bdb                framebuffer_initialise
                0x0000000000056d84                framebuffer_resize
                0x0000000000056e0c                framebuffer_finalise
                0x0000000000056e21                framebuffer_set_cursor
                0x0000000000056e81                framebuffer_set_surface
 .text          0x0000000000056e9c     0x3bc8 kolibrios_fb_gui.o
                0x000000000005a988                gui_resize
 .text          0x000000000005aa64      0x404 kolibrios_fb_localhistory.o
                0x000000000005abfb                fb_create_localhistory
                0x000000000005ae32                fb_localhistory_map
 .text          0x000000000005ae68       0x48 kolibrios_fb_misc.o
                0x000000000005ae68                warn_user
 .text          0x000000000005aeb0      0x48c kolibrios_fb_schedule.o
                0x000000000005aeb0                timeradd
                0x000000000005af06                timersub
                0x000000000005af59                timerisset
                0x000000000005af7d                timercmp
                0x000000000005b027                framebuffer_schedule
                0x000000000005b114                schedule_run
                0x000000000005b280                list_schedule
 .text          0x000000000005b33c       0x50 kolibrios_kolibri_debug.o
                0x000000000005b33c                debug_board_write_byte
                0x000000000005b361                debug_board_write_str
 .text          0x000000000005b38c       0x34 kolibrios_kolibri_filesystem.o
                0x000000000005b38c                mkdir
                0x000000000005b391                opendir
                0x000000000005b396                stat
                0x000000000005b39b                closedir
                0x000000000005b3a0                readdir
                0x000000000005b3a5                scandir
                0x000000000005b3aa                realpath
                0x000000000005b3af                access
                0x000000000005b3b4                pread
                0x000000000005b3b9                pwrite
 .text          0x000000000005b3c0       0x24 kolibrios_kolibri_http.o
                0x000000000005b3c0                kolibri_http_init
 .text          0x000000000005b3e4       0x10 kolibrios_kolibri_iconv.o
                0x000000000005b3e4                iconv_open
                0x000000000005b3e9                iconv
                0x000000000005b3ee                iconv_close
 .text          0x000000000005b3f4       0x20 kolibrios_kolibri_misc.o
                0x000000000005b403                inet_aton
                0x000000000005b408                strptime
                0x000000000005b40d                atexit
 .text          0x000000000005b414       0x14 kolibrios_kolibri_regex.o
                0x000000000005b414                regcomp
                0x000000000005b419                regerror
                0x000000000005b41e                regexec
                0x000000000005b423                regfree
 .text          0x000000000005b428      0xb38 kolibrios_main.o
                0x000000000005b4af                kolibri_boxlib_init
                0x000000000005b4d1                kolibri_get_system_colors
                0x000000000005b4ec                kolibri_new_edit_box
                0x000000000005b5e8                kolibri_new_check_box
                0x000000000005b666                kolibri_new_button
                0x000000000005b6be                draw_button
                0x000000000005b6f6                kolibri_button_get_identifier
                0x000000000005b719                kolibri_init_gui_op_table
                0x000000000005b778                kolibri_new_window
                0x000000000005b7d2                kolibri_window_add_element
                0x000000000005b863                kolibri_handle_event_redraw
                0x000000000005b93e                kolibri_handle_event_key
                0x000000000005b9a8                kolibri_handle_event_mouse
                0x000000000005ba12                kolibri_exit
                0x000000000005ba1e                kolibri_gui_init
                0x000000000005bb65                main
 .text          0x000000000005bf60     0x27a4 render_box.o
                0x000000000005c13b                box_create
                0x000000000005c455                box_add_child
                0x000000000005c515                box_insert_sibling
                0x000000000005c596                box_unlink_and_free
                0x000000000005c636                box_free
                0x000000000005c67a                box_free_box
                0x000000000005c70c                box_coords
                0x000000000005c7d2                box_bounds
                0x000000000005d14a                box_at_point
                0x000000000005d70b                box_pick_text_box
                0x000000000005d88b                box_find_by_id
                0x000000000005d904                box_visible
                0x000000000005d934                box_dump
                0x000000000005e2e9                box_handle_scrollbars
                0x000000000005e6a8                box_vscrollbar_present
                0x000000000005e6d6                box_hscrollbar_present
 .text          0x000000000005e704     0x5efc render_box_construct.o
                0x000000000005e9ad                dom_to_box
                0x00000000000641c5                box_extract_link
 .text          0x0000000000064600     0x1c24 render_box_normalise.o
                0x0000000000064614                box_normalise_block
 .text          0x0000000000066224      0x7f4 render_box_textarea.o
                0x0000000000066224                box_textarea_keypress
                0x0000000000066747                box_textarea_create_textarea
 .text          0x0000000000066a18      0x364 render_font.o
                0x0000000000066bfb                font_plot_style_from_css
 .text          0x0000000000066d7c     0x3aa8 render_form.o
                0x0000000000066fc5                form_new
                0x000000000006715c                form_free
                0x00000000000671d2                form_new_control
                0x0000000000067212                form_add_control
                0x00000000000672a8                form_free_control
                0x0000000000067519                form_add_option
                0x0000000000067646                form_successful_controls_dom
                0x0000000000069356                form_open_select_menu
                0x0000000000069574                form_free_select_menu
                0x00000000000695b2                form_redraw_select_menu
                0x0000000000069aa8                form_clip_inside_select_menu
                0x0000000000069df8                form_select_process_selection
                0x0000000000069e46                form_select_get_option
                0x0000000000069e75                form_control_get_name
                0x0000000000069e80                form_control_bounding_rect
                0x0000000000069f92                form_select_mouse_action
                0x000000000006a0d3                form_select_mouse_drag_end
                0x000000000006a2d6                form_select_get_dimensions
                0x000000000006a2f7                form_select_menu_callback
                0x000000000006a395                form_radio_set
                0x000000000006a4af                form_submit
                0x000000000006a764                form_gadget_update_value
 .text          0x000000000006a824     0x453c render_html.o
                0x000000000006a9e4                fire_dom_event
                0x000000000006ba6e                html_finish_conversion
                0x000000000006cd65                html_can_begin_conversion
                0x000000000006cdc4                html_begin_conversion
                0x000000000006d494                html_redraw_a_box
                0x000000000006d509                html__redraw_a_box
                0x000000000006da9c                html_set_status
                0x000000000006e3d2                html_set_file_gadget_filename
                0x000000000006e9ee                html_get_document
                0x000000000006ea37                html_get_box_tree
                0x000000000006eae6                html_get_frameset
                0x000000000006eb2f                html_get_iframe
                0x000000000006eb78                html_get_base_url
                0x000000000006ebc1                html_get_base_target
                0x000000000006ec0a                html_get_id_offset
                0x000000000006ec8e                html_init
                0x000000000006eced                html_get_browser_window
 .text          0x000000000006ed60     0x16ec render_html_css.o
                0x000000000006f78e                html_css_update_style
                0x000000000006f860                html_css_process_link
                0x000000000006fc7f                html_get_stylesheets
                0x000000000006fd00                html_css_free_stylesheets
                0x000000000006fddf                html_css_quirks_stylesheets
                0x000000000006ff03                html_css_new_stylesheets
                0x0000000000070201                html_css_new_selection_context
                0x0000000000070325                html_css_init
                0x00000000000703c3                html_css_fini
 .text          0x000000000007044c      0x96c render_html_css_fetcher.o
                0x0000000000070c4a                html_css_fetcher_register
                0x0000000000070cf1                html_css_fetcher_add_item
 .text          0x0000000000070db8     0x1048 render_html_forms.o
                0x00000000000710ee                html_forms_get_forms
                0x0000000000071c93                html_forms_get_control_for_node
 .text          0x0000000000071e00     0x2fc0 render_html_interaction.o
                0x000000000007218d                html_mouse_track
                0x00000000000722d1                html_mouse_action
                0x00000000000742d8                html_keypress
                0x00000000000743e9                html_search
                0x0000000000074569                html_search_clear
                0x00000000000745ea                html_overflow_scroll_callback
                0x000000000007473b                html_overflow_scroll_drag_end
                0x0000000000074836                html_set_drag_type
                0x000000000007496a                html_set_focus
                0x0000000000074b7f                html_set_selection
 .text          0x0000000000074dc0     0x1640 render_html_object.o
                0x0000000000074e22                html_get_objects
                0x0000000000075f8f                html_object_open_objects
                0x0000000000076015                html_object_abort_objects
                0x00000000000760f6                html_object_close_objects
                0x0000000000076196                html_object_free_objects
                0x0000000000076264                html_fetch_object
 .text          0x0000000000076400     0x7a9c render_html_redraw.o
                0x000000000007650e                text_redraw
                0x000000000007b35d                html_redraw_box
                0x000000000007dc22                html_redraw
 .text          0x000000000007de9c     0x12e4 render_html_script.o
                0x000000000007df71                html_script_exec
                0x000000000007ee45                html_process_script
                0x000000000007f02c                html_script_free
                0x000000000007f169                html_script_invalidate_ctx
 .text          0x000000000007f180     0x16f8 render_imagemap.o
                0x000000000007f58e                imagemap_destroy
                0x000000000007f646                imagemap_dump
                0x000000000008016a                imagemap_extract
                0x00000000000805f9                imagemap_get
 .text          0x0000000000080878     0xbc70 render_layout.o
                0x0000000000080971                layout_document
                0x00000000000848f6                layout_inline_container
                0x0000000000089556                layout_minmax_table
                0x000000000008c10d                layout_calculate_descendant_bboxes
 .text          0x000000000008c4e8     0x1088 render_search.o
                0x000000000008c4e8                search_create_context
                0x000000000008d13e                search_step
                0x000000000008d2c9                search_term_highlighted
                0x000000000008d34b                search_show_all
                0x000000000008d4b4                search_destroy_context
 .text          0x000000000008d570     0x2378 render_table.o
                0x000000000008d570                table_calculate_column_types
                0x000000000008dda8                table_used_border_for_cell
 .text          0x000000000008f8e8     0x27e8 render_textplain.o
                0x000000000008fba0                textplain_init
                0x0000000000091836                textplain_close
                0x000000000009186f                textplain_get_selection
                0x000000000009188d                textplain_line_count
                0x00000000000918ce                textplain_size
                0x000000000009190f                textplain_offset_from_coords
                0x0000000000091b1b                textplain_find_line
                0x0000000000091c86                textplain_coords_from_range
                0x0000000000091ee1                textplain_get_line
                0x0000000000091f67                textplain_get_raw_data
                0x000000000009205e                textplain_get_browser_window
 .text          0x00000000000920d0      0x534 utils_base64.o
                0x00000000000920e2                base64_encode
                0x0000000000092289                base64_encode_alloc
                0x000000000009230b                isbase64
                0x0000000000092334                base64_decode
                0x000000000009256b                base64_decode_alloc
 .text          0x0000000000092604      0x1c4 utils_bloom.o
                0x0000000000092650                bloom_create
                0x0000000000092689                bloom_destroy
                0x000000000009269c                bloom_insert_str
                0x00000000000926cb                bloom_insert_hash
                0x000000000009273b                bloom_search_str
                0x000000000009276a                bloom_search_hash
                0x00000000000927bd                bloom_items
 .text          0x00000000000927c8     0x8240 utils_corestrings.o
                0x00000000000927f7                corestrings_fini
                0x0000000000097256                corestrings_init
 .text          0x000000000009aa08      0x5c4 utils_file.o
                0x000000000009af30                netsurf_mkpath
                0x000000000009af6b                netsurf_nsurl_to_path
                0x000000000009af8d                netsurf_path_to_nsurl
                0x000000000009afaf                netsurf_mkdir_all
 .text          0x000000000009afcc      0xf50 utils_filename.o
                0x000000000009afcc                filename_request
                0x000000000009b136                filename_claim
                0x000000000009b237                filename_release
                0x000000000009b35e                filename_initialise
                0x000000000009b4ce                filename_flush
 .text          0x000000000009bf1c      0x7e4 utils_filepath.o
                0x000000000009bf1c                filepath_vsfindfile
                0x000000000009bfcf                filepath_sfindfile
                0x000000000009bffc                filepath_findfile
                0x000000000009c02a                filepath_sfind
                0x000000000009c0ad                filepath_find
                0x000000000009c117                filepath_sfinddef
                0x000000000009c22d                filepath_generate
                0x000000000009c5c9                filepath_path_to_strvec
                0x000000000009c6b0                filepath_free_strvec
 .text          0x000000000009c700      0x400 utils_hashtable.o
                0x000000000009c769                hash_create
                0x000000000009c834                hash_destroy
                0x000000000009c8cd                hash_add
                0x000000000009ca56                hash_get
 .text          0x000000000009cb00      0x400 utils_http_challenge.o
                0x000000000009cb8e                http__parse_challenge
                0x000000000009ce7b                http_challenge_list_iterate
                0x000000000009ceea                http_challenge_list_destroy
 .text          0x000000000009cf00      0x23c utils_http_content-disposition.o
                0x000000000009cf00                http_parse_content_disposition
                0x000000000009d0ae                http_content_disposition_destroy
 .text          0x000000000009d13c      0x758 utils_http_content-type.o
                0x000000000009d13c                http_parse_content_type
                0x000000000009d805                http_content_type_destroy
 .text          0x000000000009d894       0xfc utils_http_generics.o
                0x000000000009d894                http___item_list_destroy
                0x000000000009d8c0                http___item_list_parse
 .text          0x000000000009d990      0x558 utils_http_parameter.o
                0x000000000009da7d                http__parse_parameter
                0x000000000009dd29                http_parameter_list_find_item
                0x000000000009de23                http_parameter_list_iterate
                0x000000000009ded4                http_parameter_list_destroy
 .text          0x000000000009dee8      0x1b8 utils_http_primitives.o
                0x000000000009dee8                http__skip_LWS
                0x000000000009df54                http__parse_token
                0x000000000009dfd4                http__parse_quoted_string
 .text          0x000000000009e0a0       0xf8 utils_http_www-authenticate.o
                0x000000000009e0a0                http_parse_www_authenticate
                0x000000000009e176                http_www_authenticate_destroy
 .text          0x000000000009e198      0xf64 utils_idna.o
                0x000000000009ece8                idna_encode
                0x000000000009ef3f                idna_decode
 .text          0x000000000009f0fc      0xdf0 utils_libdom.o
                0x000000000009f297                libdom_treewalk
                0x000000000009f48b                libdom_find_element
                0x000000000009f4f4                libdom_find_first_element
                0x000000000009f5e5                libdom_iterate_child_elements
                0x000000000009f710                libdom_hubbub_error_to_nserror
                0x000000000009fc30                libdom_dump_structure
                0x000000000009fd5e                libdom_parse_file
 .text          0x000000000009feec      0x438 utils_locale.o
                0x000000000009feec                ls_isalpha
                0x000000000009ff3a                ls_isalnum
                0x000000000009ff88                ls_iscntrl
                0x000000000009ffd6                ls_isdigit
                0x00000000000a0024                ls_isgraph
                0x00000000000a0072                ls_islower
                0x00000000000a00c9                ls_isprint
                0x00000000000a0119                ls_ispunct
                0x00000000000a0167                ls_isspace
                0x00000000000a01b5                ls_isupper
                0x00000000000a020c                ls_isxdigit
                0x00000000000a025a                ls_tolower
                0x00000000000a02be                ls_toupper
 .text          0x00000000000a0324      0x4f0 utils_log.o
                0x00000000000a0338                nslog_init
                0x00000000000a07a1                nslog_log
 .text          0x00000000000a0814      0x9a4 utils_messages.o
                0x00000000000a0b9e                messages_add_from_file
                0x00000000000a0c02                messages_add_from_inline
                0x00000000000a0ea6                messages_get_buff
                0x00000000000a0f84                messages_get
                0x00000000000a0fa0                messages_get_errorcode
 .text          0x00000000000a11b8     0x13dc utils_nsoption.o
                0x00000000000a1c92                nsoption_init
                0x00000000000a1d60                nsoption_finalise
                0x00000000000a1d9f                nsoption_read
                0x00000000000a1f6a                nsoption_write
                0x00000000000a2029                nsoption_dump
                0x00000000000a206e                nsoption_commandline
                0x00000000000a2247                nsoption_snoptionf
                0x00000000000a2514                nsoption_set_tbl_charp
 .text          0x00000000000a2594     0x5ba0 utils_nsurl.o
                0x00000000000a4f27                nsurl_create
                0x00000000000a526a                nsurl_ref
                0x00000000000a52ae                nsurl_unref