Archive member included because of file (symbol)

/home/autobuild/tools/win32/mingw32/lib/libgcc.a(__main.o)
                              SDLTest.o (__main)
/home/autobuild/tools/win32/mingw32/lib/libgcc.a(_ctors.o)
                              /home/autobuild/tools/win32/mingw32/lib/libgcc.a(__main.o) (__DTOR_LIST__)
/home/autobuild/tools/win32/lib/libapp.a(start.o)
                              (_start)
/home/autobuild/tools/win32/lib/libapp.a(crt3.o)
                              /home/autobuild/tools/win32/lib/libapp.a(start.o) (__crt_startup)
/home/autobuild/tools/win32/lib/libapp.a(crtloader.o)
                              /home/autobuild/tools/win32/lib/libapp.a(crt3.o) (get_entry_point)
/home/autobuild/tools/win32/lib/libc.dll.a(d000486.o)
                              SDLTest.o (sprintf)
/home/autobuild/tools/win32/lib/libc.dll.a(d000206.o)
                              /home/autobuild/tools/win32/mingw32/lib/libgcc.a(__main.o) (atexit)
/home/autobuild/tools/win32/lib/libc.dll.a(d000000.o)
                              /home/autobuild/tools/win32/lib/libc.dll.a(d000486.o) (_head_libc_dll)
/home/autobuild/tools/win32/lib/libc.dll.a(d000577.o)
                              /home/autobuild/tools/win32/lib/libc.dll.a(d000000.o) (libc_dll_iname)

Allocating common symbols
Common symbol       size              file

__DTOR_LIST__       0x8               /home/autobuild/tools/win32/mingw32/lib/libgcc.a(_ctors.o)
__CTOR_LIST__       0x8               /home/autobuild/tools/win32/mingw32/lib/libgcc.a(_ctors.o)

Discarded input sections

 .debug_info    0x0000000000000000      0x220 SDLTest.o
 .debug_abbrev  0x0000000000000000       0xad SDLTest.o
 .debug_aranges
                0x0000000000000000       0x20 SDLTest.o
 .debug_line    0x0000000000000000       0x50 SDLTest.o
 .debug_info    0x0000000000000000      0x3ea /home/autobuild/tools/win32/mingw32/lib/libgcc.a(__main.o)
 .debug_abbrev  0x0000000000000000      0x113 /home/autobuild/tools/win32/mingw32/lib/libgcc.a(__main.o)
 .debug_loc     0x0000000000000000       0x54 /home/autobuild/tools/win32/mingw32/lib/libgcc.a(__main.o)
 .debug_aranges
                0x0000000000000000       0x20 /home/autobuild/tools/win32/mingw32/lib/libgcc.a(__main.o)
 .debug_ranges  0x0000000000000000       0x18 /home/autobuild/tools/win32/mingw32/lib/libgcc.a(__main.o)
 .debug_line    0x0000000000000000       0xcb /home/autobuild/tools/win32/mingw32/lib/libgcc.a(__main.o)
 .drectve       0x0000000000000000       0x3c /home/autobuild/tools/win32/mingw32/lib/libgcc.a(_ctors.o)
 .debug_info    0x0000000000000000      0xb70 /home/autobuild/tools/win32/mingw32/lib/libgcc.a(_ctors.o)
 .debug_abbrev  0x0000000000000000       0xa7 /home/autobuild/tools/win32/mingw32/lib/libgcc.a(_ctors.o)
 .debug_aranges
                0x0000000000000000       0x18 /home/autobuild/tools/win32/mingw32/lib/libgcc.a(_ctors.o)
 .debug_line    0x0000000000000000       0xbf /home/autobuild/tools/win32/mingw32/lib/libgcc.a(_ctors.o)

Memory Configuration

Name             Origin             Length             Attributes
*default*        0x0000000000000000 0xffffffffffffffff

Linker script and memory map

                0x0000000000000000                __image_base__ = 0x0
                0x0000000000000000                __dll__ = 0x0
                0x0000000000000000                ___ImageBase = 0x0
                0x0000000000001000                __section_alignment__ = 0x1000
                0x0000000000000200                __file_alignment__ = 0x200
                0x0000000000000004                __major_os_version__ = 0x4
                0x0000000000000000                __minor_os_version__ = 0x0
                0x0000000000000001                __major_image_version__ = 0x1
                0x0000000000000000                __minor_image_version__ = 0x0
                0x0000000000000004                __major_subsystem_version__ = 0x4
                0x0000000000000000                __minor_subsystem_version__ = 0x0
                0x0000000000000003                __subsystem__ = 0x3
                0x0000000000200000                __size_of_stack_reserve__ = 0x200000
                0x0000000000001000                __size_of_stack_commit__ = 0x1000
                0x0000000000100000                __size_of_heap_reserve__ = 0x100000
                0x0000000000001000                __size_of_heap_commit__ = 0x1000
                0x0000000000000000                __loader_flags__ = 0x0
                0x0000000000000000                __dll_characteristics__ = 0x0
LOAD SDLTest.o

.text           0x0000000000000000      0x600
                0x0000000000000000        0x4 LONG 0x554e454d
                0x0000000000000004        0x4 LONG 0x32305445
                0x0000000000000008        0x4 LONG 0x1
                0x000000000000000c        0x4 LONG 0x34 __start
                0x0000000000000010        0x4 LONG 0x748 ___iend
                0x0000000000000014        0x4 LONG 0xcf0 ___memsize
                0x0000000000000018        0x4 LONG 0xcf0 ___stacktop
                0x000000000000001c        0x4 LONG 0x7e0 ___cmdline
                0x0000000000000020        0x4 LONG 0x8e0 ___pgmname
                0x0000000000000024        0x4 LONG 0x0
                0x0000000000000028        0x4 LONG 0x750 __idata_start
                0x000000000000002c        0x4 LONG 0x7bc __idata_end
                0x0000000000000030        0x4 LONG 0x108 _main
 *(.init)
 .init          0x0000000000000034       0x84 /home/autobuild/tools/win32/lib/libapp.a(start.o)
                0x0000000000000034                _start
 *(.text)
 .text          0x00000000000000b8       0x98 SDLTest.o
                0x00000000000000b8                debug_board_write_byte
                0x00000000000000dd                debug_board_write_str
                0x0000000000000108                main
 .text          0x0000000000000150       0xa0 /home/autobuild/tools/win32/mingw32/lib/libgcc.a(__main.o)
                0x0000000000000150                __do_global_dtors
                0x0000000000000180                __do_global_ctors
                0x00000000000001d0                __main
 .text          0x00000000000001f0        0x0 /home/autobuild/tools/win32/mingw32/lib/libgcc.a(_ctors.o)
 .text          0x00000000000001f0        0x0 /home/autobuild/tools/win32/lib/libapp.a(start.o)
 .text          0x00000000000001f0       0x40 /home/autobuild/tools/win32/lib/libapp.a(crt3.o)
                0x00000000000001f0                _pei386_runtime_relocator
                0x0000000000000200                __crt_startup
 .text          0x0000000000000230      0x250 /home/autobuild/tools/win32/lib/libapp.a(crtloader.o)
                0x0000000000000230                validate_pe
                0x00000000000002c0                create_image
                0x0000000000000400                get_entry_point
                0x0000000000000410                load_libc
 .text          0x0000000000000480        0x8 /home/autobuild/tools/win32/lib/libc.dll.a(d000486.o)
                0x0000000000000480                sprintf
 .text          0x0000000000000488        0x8 /home/autobuild/tools/win32/lib/libc.dll.a(d000206.o)
                0x0000000000000488                atexit
 *(SORT(.text$*))
 *(.text.*)
 *(.glue_7t)
 *(.glue_7)
                0x0000000000000490                ___CTOR_LIST__ = .
                0x0000000000000490                __CTOR_LIST__ = .
                0x0000000000000490        0x4 LONG 0xffffffffffffffff
 *(.ctors)
 *(.ctor)
 *(SORT(.ctors.*))
                0x0000000000000494        0x4 LONG 0x0
                0x0000000000000498                ___DTOR_LIST__ = .
                0x0000000000000498                __DTOR_LIST__ = .
                0x0000000000000498        0x4 LONG 0xffffffffffffffff
 *(.dtors)
 *(.dtor)
 *(SORT(.dtors.*))
                0x000000000000049c        0x4 LONG 0x0
 *(.fini)
 *(.gcc_exc)
                0x00000000000004a0                PROVIDE (etext, .)
 *(.gcc_except_table)

.rdata          0x00000000000004a0      0x200
 *(.rdata)
 .rdata         0x00000000000004a0       0x18 SDLTest.o
 .rdata         0x00000000000004b8       0x18 /home/autobuild/tools/win32/lib/libapp.a(crtloader.o)
 *(SORT(.rdata$*))
 .rdata$zzz     0x00000000000004d0       0x14 SDLTest.o
 .rdata$zzz     0x00000000000004e4       0x14 /home/autobuild/tools/win32/mingw32/lib/libgcc.a(__main.o)
 .rdata$zzz     0x00000000000004f8       0x14 /home/autobuild/tools/win32/mingw32/lib/libgcc.a(_ctors.o)
                0x000000000000050c                ___RUNTIME_PSEUDO_RELOC_LIST__ = .
                0x000000000000050c                __RUNTIME_PSEUDO_RELOC_LIST__ = .
 *(.rdata_runtime_pseudo_reloc)
                0x000000000000050c                ___RUNTIME_PSEUDO_RELOC_LIST_END__ = .
                0x000000000000050c                __RUNTIME_PSEUDO_RELOC_LIST_END__ = .

.eh_frame       0x0000000000000510      0x200
                0x0000000000000510                ___EH_FRAME_BEGIN___ = .
 *(.eh_frame*)
 .eh_frame      0x0000000000000510       0x7c SDLTest.o
 .eh_frame      0x000000000000058c       0x68 /home/autobuild/tools/win32/mingw32/lib/libgcc.a(__main.o)
 .eh_frame      0x00000000000005f4       0x48 /home/autobuild/tools/win32/lib/libapp.a(crt3.o)
 .eh_frame      0x000000000000063c       0xd4 /home/autobuild/tools/win32/lib/libapp.a(crtloader.o)
                0x0000000000000710                __EH_FRAME_END__ = .

.CRT            0x0000000000000710        0x0
                0x0000000000000710                ___crt_xc_start__ = .
 *(SORT(.CRT$XC*))
                0x0000000000000710                ___crt_xc_end__ = .
                0x0000000000000710                ___crt_xi_start__ = .
 *(SORT(.CRT$XI*))
                0x0000000000000710                ___crt_xi_end__ = .
                0x0000000000000710                ___crt_xl_start__ = .
 *(SORT(.CRT$XL*))
                0x0000000000000710                ___crt_xp_start__ = .
 *(SORT(.CRT$XP*))
                0x0000000000000710                ___crt_xp_end__ = .
                0x0000000000000710                ___crt_xt_start__ = .
 *(SORT(.CRT$XT*))
                0x0000000000000710                ___crt_xt_end__ = .

.data           0x0000000000000740      0x200
                0x0000000000000740                PROVIDE (__data_start__, .)
 *(.data)
 .data          0x0000000000000740        0x0 SDLTest.o
 .data          0x0000000000000740        0x4 /home/autobuild/tools/win32/mingw32/lib/libgcc.a(__main.o)
 .data          0x0000000000000744        0x0 /home/autobuild/tools/win32/mingw32/lib/libgcc.a(_ctors.o)
 .data          0x0000000000000744        0x0 /home/autobuild/tools/win32/lib/libapp.a(start.o)
 .data          0x0000000000000744        0x0 /home/autobuild/tools/win32/lib/libapp.a(crt3.o)
 .data          0x0000000000000744        0x0 /home/autobuild/tools/win32/lib/libapp.a(crtloader.o)
 *(.data2)
 *(SORT(.data$*))
 *(.jcr)
                0x0000000000000744                __CRT_MT = .
                0x0000000000000744        0x4 LONG 0x0
                0x0000000000000748                PROVIDE (__data_end__, .)
 *(.data_cygwin_nocopy)
                0x0000000000000748                ___iend = .

.idata          0x0000000000000750      0x200
                0x0000000000000750                __idata_start = .
 SORT(*)(.idata$2)
 .idata$2       0x0000000000000750       0x14 /home/autobuild/tools/win32/lib/libc.dll.a(d000000.o)
                0x0000000000000750                _head_libc_dll
 SORT(*)(.idata$3)
                0x0000000000000764        0x4 LONG 0x0
                0x0000000000000768        0x4 LONG 0x0
                0x000000000000076c        0x4 LONG 0x0
                0x0000000000000770        0x4 LONG 0x0
                0x0000000000000774        0x4 LONG 0x0
 SORT(*)(.idata$4)
 .idata$4       0x0000000000000778        0x0 /home/autobuild/tools/win32/lib/libc.dll.a(d000000.o)
 .idata$4       0x0000000000000778        0x4 /home/autobuild/tools/win32/lib/libc.dll.a(d000206.o)
 .idata$4       0x000000000000077c        0x4 /home/autobuild/tools/win32/lib/libc.dll.a(d000486.o)
 .idata$4       0x0000000000000780        0x4 /home/autobuild/tools/win32/lib/libc.dll.a(d000577.o)
 SORT(*)(.idata$5)
 .idata$5       0x0000000000000784        0x0 /home/autobuild/tools/win32/lib/libc.dll.a(d000000.o)
 .idata$5       0x0000000000000784        0x4 /home/autobuild/tools/win32/lib/libc.dll.a(d000206.o)
                0x0000000000000784                _imp__atexit
 .idata$5       0x0000000000000788        0x4 /home/autobuild/tools/win32/lib/libc.dll.a(d000486.o)
                0x0000000000000788                _imp__sprintf
 .idata$5       0x000000000000078c        0x4 /home/autobuild/tools/win32/lib/libc.dll.a(d000577.o)
 SORT(*)(.idata$6)
 .idata$6       0x0000000000000790        0xc /home/autobuild/tools/win32/lib/libc.dll.a(d000206.o)
 .idata$6       0x000000000000079c        0xc /home/autobuild/tools/win32/lib/libc.dll.a(d000486.o)
 SORT(*)(.idata$7)
 .idata$7       0x00000000000007a8        0x4 /home/autobuild/tools/win32/lib/libc.dll.a(d000206.o)
 .idata$7       0x00000000000007ac        0x4 /home/autobuild/tools/win32/lib/libc.dll.a(d000486.o)
 .idata$7       0x00000000000007b0        0xc /home/autobuild/tools/win32/lib/libc.dll.a(d000577.o)
                0x00000000000007b0                libc_dll_iname
                0x00000000000007bc                __idata_end = .

bss             0x00000000000007c0      0x530
 *(.bss)
 .bss           0x00000000000007c0        0x0 SDLTest.o
 .bss           0x00000000000007c0        0x4 /home/autobuild/tools/win32/mingw32/lib/libgcc.a(__main.o)
 .bss           0x00000000000007c4        0x0 /home/autobuild/tools/win32/mingw32/lib/libgcc.a(_ctors.o)
 .bss           0x00000000000007c4        0x0 /home/autobuild/tools/win32/lib/libapp.a(start.o)
 .bss           0x00000000000007c4        0x0 /home/autobuild/tools/win32/lib/libapp.a(crt3.o)
 .bss           0x00000000000007c4        0x0 /home/autobuild/tools/win32/lib/libapp.a(crtloader.o)
 *(COMMON)
 COMMON         0x00000000000007c4       0x10 /home/autobuild/tools/win32/mingw32/lib/libgcc.a(_ctors.o)
                0x00000000000007e0                . = ALIGN (0x10)
 *fill*         0x00000000000007d4        0xc 
                0x00000000000007e0                ___cmdline = .
                0x00000000000008e0                . = (. + 0x100)
 *fill*         0x00000000000007e0      0x100 
                0x00000000000008e0                ___pgmname = .
                0x0000000000000cf0                . = ((. + 0x400) + 0x10)
 *fill*         0x00000000000008e0      0x410 
                0x0000000000000cf0                ___stacktop = .
                0x0000000000000cf0                ___memsize = .

/DISCARD/
 *(.debug$S)
 *(.debug$T)
 *(.debug$F)
 *(.drectve)
 *(.note.GNU-stack)
 *(.comment)
 *(.debug_abbrev)
 *(.debug_info)
 *(.debug_line)
 *(.debug_frame)
 *(.debug_loc)
 *(.debug_pubnames)
 *(.debug_aranges)
 *(.debug_ranges)
LOAD /home/autobuild/tools/win32/mingw32/lib/libgcc.a
LOAD /home/autobuild/tools/win32/lib/libdll.a
LOAD /home/autobuild/tools/win32/lib/libapp.a
LOAD /home/autobuild/tools/win32/lib/libSDL.a
LOAD /home/autobuild/tools/win32/lib/libc.dll.a
OUTPUT(sdltest pei-i386)

.debug_str      0x0000000000000000        0x0
 .debug_str     0x0000000000000000        0x0 SDLTest.o
 .debug_str     0x0000000000000000        0x0 /home/autobuild/tools/win32/mingw32/lib/libgcc.a(__main.o)
 .debug_str     0x0000000000000000        0x0 /home/autobuild/tools/win32/mingw32/lib/libgcc.a(_ctors.o)
