Archive member included because of file (symbol)

/home/autobuild/tools/win32/mingw32/lib/libgcc.a(__main.o)
                              space.o (__main)
/home/autobuild/tools/win32/mingw32/lib/libgcc.a(_ctors.o)
                              /home/autobuild/tools/win32/mingw32/lib/libgcc.a(__main.o) (__DTOR_LIST__)
/home/autobuild/tools/win32/lib/libapp.a(start.o)
                              (_start)
/home/autobuild/tools/win32/lib/libapp.a(crt3.o)
                              /home/autobuild/tools/win32/lib/libapp.a(start.o) (__crt_startup)
/home/autobuild/tools/win32/lib/libapp.a(crtloader.o)
                              /home/autobuild/tools/win32/lib/libapp.a(crt3.o) (get_entry_point)
/home/autobuild/tools/win32/lib/libc.dll.a(d000007.o)
                              (__imp____ctype_ptr__)
/home/autobuild/tools/win32/lib/libc.dll.a(d000486.o)
                              space.o (sprintf)
/home/autobuild/tools/win32/lib/libc.dll.a(d000206.o)
                              /home/autobuild/tools/win32/mingw32/lib/libgcc.a(__main.o) (atexit)
/home/autobuild/tools/win32/lib/libc.dll.a(d000000.o)
                              /home/autobuild/tools/win32/lib/libc.dll.a(d000007.o) (_head_libc_dll)
/home/autobuild/tools/win32/lib/libc.dll.a(d000577.o)
                              /home/autobuild/tools/win32/lib/libc.dll.a(d000000.o) (libc_dll_iname)

Allocating common symbols
Common symbol       size              file

__DTOR_LIST__       0x8               /home/autobuild/tools/win32/mingw32/lib/libgcc.a(_ctors.o)
__CTOR_LIST__       0x8               /home/autobuild/tools/win32/mingw32/lib/libgcc.a(_ctors.o)

Discarded input sections

 .debug_info    0x0000000000000000      0x1bc space.o
 .debug_abbrev  0x0000000000000000       0x9a space.o
 .debug_aranges
                0x0000000000000000       0x20 space.o
 .debug_line    0x0000000000000000       0x92 space.o
 .eh_frame      0x0000000000000000       0x38 space.o
 .debug_info    0x0000000000000000       0xfb kolibri_debug.o
 .debug_abbrev  0x0000000000000000       0x72 kolibri_debug.o
 .debug_aranges
                0x0000000000000000       0x20 kolibri_debug.o
 .debug_line    0x0000000000000000       0x4a kolibri_debug.o
 .eh_frame      0x0000000000000000       0x5c kolibri_debug.o
 .debug_info    0x0000000000000000      0x3ea /home/autobuild/tools/win32/mingw32/lib/libgcc.a(__main.o)
 .debug_abbrev  0x0000000000000000      0x113 /home/autobuild/tools/win32/mingw32/lib/libgcc.a(__main.o)
 .debug_loc     0x0000000000000000       0x54 /home/autobuild/tools/win32/mingw32/lib/libgcc.a(__main.o)
 .debug_aranges
                0x0000000000000000       0x20 /home/autobuild/tools/win32/mingw32/lib/libgcc.a(__main.o)
 .debug_ranges  0x0000000000000000       0x18 /home/autobuild/tools/win32/mingw32/lib/libgcc.a(__main.o)
 .debug_line    0x0000000000000000       0xcb /home/autobuild/tools/win32/mingw32/lib/libgcc.a(__main.o)
 .eh_frame      0x0000000000000000       0x68 /home/autobuild/tools/win32/mingw32/lib/libgcc.a(__main.o)
 .drectve       0x0000000000000000       0x3c /home/autobuild/tools/win32/mingw32/lib/libgcc.a(_ctors.o)
 .debug_info    0x0000000000000000      0xb70 /home/autobuild/tools/win32/mingw32/lib/libgcc.a(_ctors.o)
 .debug_abbrev  0x0000000000000000       0xa7 /home/autobuild/tools/win32/mingw32/lib/libgcc.a(_ctors.o)
 .debug_aranges
                0x0000000000000000       0x18 /home/autobuild/tools/win32/mingw32/lib/libgcc.a(_ctors.o)
 .debug_line    0x0000000000000000       0xbf /home/autobuild/tools/win32/mingw32/lib/libgcc.a(_ctors.o)
 .eh_frame      0x0000000000000000       0x48 /home/autobuild/tools/win32/lib/libapp.a(crt3.o)
 .eh_frame      0x0000000000000000       0xd4 /home/autobuild/tools/win32/lib/libapp.a(crtloader.o)

Memory Configuration

Name             Origin             Length             Attributes
*default*        0x0000000000000000 0xffffffffffffffff

Linker script and memory map

                0x0000000000000000                __image_base__ = 0x0
                0x0000000000000000                __dll__ = 0x0
                0x0000000000000000                ___ImageBase = 0x0
                0x0000000000001000                __section_alignment__ = 0x1000
                0x0000000000000200                __file_alignment__ = 0x200
                0x0000000000000004                __major_os_version__ = 0x4
                0x0000000000000000                __minor_os_version__ = 0x0
                0x0000000000000001                __major_image_version__ = 0x1
                0x0000000000000000                __minor_image_version__ = 0x0
                0x0000000000000004                __major_subsystem_version__ = 0x4
                0x0000000000000000                __minor_subsystem_version__ = 0x0
                0x0000000000000003                __subsystem__ = 0x3
                0x0000000000200000                __size_of_stack_reserve__ = 0x200000
                0x0000000000001000                __size_of_stack_commit__ = 0x1000
                0x0000000000100000                __size_of_heap_reserve__ = 0x100000
                0x0000000000001000                __size_of_heap_commit__ = 0x1000
                0x0000000000000000                __loader_flags__ = 0x0
                0x0000000000000000                __dll_characteristics__ = 0x0
LOAD space.o
LOAD kolibri_debug.o

.text           0x0000000000000000      0x600
                0x0000000000000000        0x4 LONG 0x554e454d
                0x0000000000000004        0x4 LONG 0x32305445
                0x0000000000000008        0x4 LONG 0x1
                0x000000000000000c        0x4 LONG 0x34 __start
                0x0000000000000010        0x4 LONG 0x5c8 ___iend
                0x0000000000000014        0x4 LONG 0xb90 ___memsize
                0x0000000000000018        0x4 LONG 0xb90 ___stacktop
                0x000000000000001c        0x4 LONG 0x680 ___cmdline
                0x0000000000000020        0x4 LONG 0x780 ___pgmname
                0x0000000000000024        0x4 LONG 0x0
                0x0000000000000028        0x4 LONG 0x5d0 __idata_start
                0x000000000000002c        0x4 LONG 0x658 __idata_end
                0x0000000000000030        0x4 LONG 0xb8 _main
 *(.init)
 .init          0x0000000000000034       0x84 /home/autobuild/tools/win32/lib/libapp.a(start.o)
                0x0000000000000034                _start
 *(.text)
 .text          0x00000000000000b8       0xa4 space.o
                0x00000000000000b8                main
                0x00000000000000d9                _fu0____ctype_ptr__
 .text          0x000000000000015c       0x50 kolibri_debug.o
                0x000000000000015c                debug_board_write_byte
                0x0000000000000181                debug_board_write_str
 *fill*         0x00000000000001ac        0x4 
 .text          0x00000000000001b0       0xa0 /home/autobuild/tools/win32/mingw32/lib/libgcc.a(__main.o)
                0x00000000000001b0                __do_global_dtors
                0x00000000000001e0                __do_global_ctors
                0x0000000000000230                __main
 .text          0x0000000000000250        0x0 /home/autobuild/tools/win32/mingw32/lib/libgcc.a(_ctors.o)
 .text          0x0000000000000250        0x0 /home/autobuild/tools/win32/lib/libapp.a(start.o)
 .text          0x0000000000000250       0x40 /home/autobuild/tools/win32/lib/libapp.a(crt3.o)
                0x0000000000000250                _pei386_runtime_relocator
                0x0000000000000260                __crt_startup
 .text          0x0000000000000290      0x250 /home/autobuild/tools/win32/lib/libapp.a(crtloader.o)
                0x0000000000000290                validate_pe
                0x0000000000000320                create_image
                0x0000000000000460                get_entry_point
                0x0000000000000470                load_libc
 .text          0x00000000000004e0        0x0 /home/autobuild/tools/win32/lib/libc.dll.a(d000007.o)
 .text          0x00000000000004e0        0x8 /home/autobuild/tools/win32/lib/libc.dll.a(d000486.o)
                0x00000000000004e0                sprintf
 .text          0x00000000000004e8        0x8 /home/autobuild/tools/win32/lib/libc.dll.a(d000206.o)
                0x00000000000004e8                atexit
 *(SORT(.text$*))
 *(.text.*)
 *(.glue_7t)
 *(.glue_7)
                0x00000000000004f0                ___CTOR_LIST__ = .
                0x00000000000004f0                __CTOR_LIST__ = .
                0x00000000000004f0        0x4 LONG 0xffffffffffffffff
 *(.ctors)
 *(.ctor)
 *(SORT(.ctors.*))
                0x00000000000004f4        0x4 LONG 0x0
                0x00000000000004f8                ___DTOR_LIST__ = .
                0x00000000000004f8                __DTOR_LIST__ = .
                0x00000000000004f8        0x4 LONG 0xffffffffffffffff
 *(.dtors)
 *(.dtor)
 *(SORT(.dtors.*))
                0x00000000000004fc        0x4 LONG 0x0
 *(.fini)
 *(.gcc_exc)
                0x0000000000000500                PROVIDE (etext, .)
 *(.gcc_except_table)

.rdata          0x0000000000000500      0x200
 *(.rdata)
 .rdata         0x0000000000000500       0x24 space.o
 .rdata         0x0000000000000524       0x18 /home/autobuild/tools/win32/lib/libapp.a(crtloader.o)
 .rdata         0x000000000000053c        0x4 ertr000001.o
 *(SORT(.rdata$*))
 .rdata$zzz     0x0000000000000540       0x14 space.o
 .rdata$zzz     0x0000000000000554       0x14 kolibri_debug.o
 .rdata$zzz     0x0000000000000568       0x14 /home/autobuild/tools/win32/mingw32/lib/libgcc.a(__main.o)
 .rdata$zzz     0x000000000000057c       0x14 /home/autobuild/tools/win32/mingw32/lib/libgcc.a(_ctors.o)
                0x0000000000000590                ___RUNTIME_PSEUDO_RELOC_LIST__ = .
                0x0000000000000590                __RUNTIME_PSEUDO_RELOC_LIST__ = .
 *(.rdata_runtime_pseudo_reloc)
 .rdata_runtime_pseudo_reloc
                0x0000000000000590       0x18 rtr000000.o
                0x00000000000005a8                ___RUNTIME_PSEUDO_RELOC_LIST_END__ = .
                0x00000000000005a8                __RUNTIME_PSEUDO_RELOC_LIST_END__ = .

.CRT            0x00000000000005b0        0x0
                0x00000000000005b0                ___crt_xc_start__ = .
 *(SORT(.CRT$XC*))
                0x00000000000005b0                ___crt_xc_end__ = .
                0x00000000000005b0                ___crt_xi_start__ = .
 *(SORT(.CRT$XI*))
                0x00000000000005b0                ___crt_xi_end__ = .
                0x00000000000005b0                ___crt_xl_start__ = .
 *(SORT(.CRT$XL*))
                0x00000000000005b0                ___crt_xp_start__ = .
 *(SORT(.CRT$XP*))
                0x00000000000005b0                ___crt_xp_end__ = .
                0x00000000000005b0                ___crt_xt_start__ = .
 *(SORT(.CRT$XT*))
                0x00000000000005b0                ___crt_xt_end__ = .

.data           0x00000000000005c0      0x200
                0x00000000000005c0                PROVIDE (__data_start__, .)
 *(.data)
 .data          0x00000000000005c0        0x0 space.o
 .data          0x00000000000005c0        0x0 kolibri_debug.o
 .data          0x00000000000005c0        0x4 /home/autobuild/tools/win32/mingw32/lib/libgcc.a(__main.o)
 .data          0x00000000000005c4        0x0 /home/autobuild/tools/win32/mingw32/lib/libgcc.a(_ctors.o)
 .data          0x00000000000005c4        0x0 /home/autobuild/tools/win32/lib/libapp.a(start.o)
 .data          0x00000000000005c4        0x0 /home/autobuild/tools/win32/lib/libapp.a(crt3.o)
 .data          0x00000000000005c4        0x0 /home/autobuild/tools/win32/lib/libapp.a(crtloader.o)
 *(.data2)
 *(SORT(.data$*))
 *(.jcr)
                0x00000000000005c4                __CRT_MT = .
                0x00000000000005c4        0x4 LONG 0x0
                0x00000000000005c8                PROVIDE (__data_end__, .)
 *(.data_cygwin_nocopy)
                0x00000000000005c8                ___iend = .

.idata          0x00000000000005d0      0x200
                0x00000000000005d0                __idata_start = .
 SORT(*)(.idata$2)
 .idata$2       0x00000000000005d0       0x14 /home/autobuild/tools/win32/lib/libc.dll.a(d000000.o)
                0x00000000000005d0                _head_libc_dll
 SORT(*)(.idata$3)
                0x00000000000005e4        0x4 LONG 0x0
                0x00000000000005e8        0x4 LONG 0x0
                0x00000000000005ec        0x4 LONG 0x0
                0x00000000000005f0        0x4 LONG 0x0
                0x00000000000005f4        0x4 LONG 0x0
 SORT(*)(.idata$4)
 .idata$4       0x00000000000005f8        0x0 /home/autobuild/tools/win32/lib/libc.dll.a(d000000.o)
 .idata$4       0x00000000000005f8        0x4 /home/autobuild/tools/win32/lib/libc.dll.a(d000007.o)
 .idata$4       0x00000000000005fc        0x4 /home/autobuild/tools/win32/lib/libc.dll.a(d000206.o)
 .idata$4       0x0000000000000600        0x4 /home/autobuild/tools/win32/lib/libc.dll.a(d000486.o)
 .idata$4       0x0000000000000604        0x4 /home/autobuild/tools/win32/lib/libc.dll.a(d000577.o)
 SORT(*)(.idata$5)
 .idata$5       0x0000000000000608        0x0 /home/autobuild/tools/win32/lib/libc.dll.a(d000000.o)
 .idata$5       0x0000000000000608        0x4 /home/autobuild/tools/win32/lib/libc.dll.a(d000007.o)
                0x0000000000000608                _imp____ctype_ptr__
                0x0000000000000608                _imp____ctype_ptr__
 .idata$5       0x000000000000060c        0x4 /home/autobuild/tools/win32/lib/libc.dll.a(d000206.o)
                0x000000000000060c                _imp__atexit
 .idata$5       0x0000000000000610        0x4 /home/autobuild/tools/win32/lib/libc.dll.a(d000486.o)
                0x0000000000000610                _imp__sprintf
 .idata$5       0x0000000000000614        0x4 /home/autobuild/tools/win32/lib/libc.dll.a(d000577.o)
 SORT(*)(.idata$6)
 .idata$6       0x0000000000000618       0x10 /home/autobuild/tools/win32/lib/libc.dll.a(d000007.o)
                0x0000000000000618                _nm____ctype_ptr__
 .idata$6       0x0000000000000628        0xc /home/autobuild/tools/win32/lib/libc.dll.a(d000206.o)
 .idata$6       0x0000000000000634        0xc /home/autobuild/tools/win32/lib/libc.dll.a(d000486.o)
 SORT(*)(.idata$7)
 .idata$7       0x0000000000000640        0x4 /home/autobuild/tools/win32/lib/libc.dll.a(d000007.o)
 .idata$7       0x0000000000000644        0x4 /home/autobuild/tools/win32/lib/libc.dll.a(d000206.o)
 .idata$7       0x0000000000000648        0x4 /home/autobuild/tools/win32/lib/libc.dll.a(d000486.o)
 .idata$7       0x000000000000064c        0xc /home/autobuild/tools/win32/lib/libc.dll.a(d000577.o)
                0x000000000000064c                libc_dll_iname
                0x0000000000000658                __idata_end = .

bss             0x0000000000000660      0x530
 *(.bss)
 .bss           0x0000000000000660        0x0 space.o
 .bss           0x0000000000000660        0x0 kolibri_debug.o
 .bss           0x0000000000000660        0x4 /home/autobuild/tools/win32/mingw32/lib/libgcc.a(__main.o)
 .bss           0x0000000000000664        0x0 /home/autobuild/tools/win32/mingw32/lib/libgcc.a(_ctors.o)
 .bss           0x0000000000000664        0x0 /home/autobuild/tools/win32/lib/libapp.a(start.o)
 .bss           0x0000000000000664        0x0 /home/autobuild/tools/win32/lib/libapp.a(crt3.o)
 .bss           0x0000000000000664        0x0 /home/autobuild/tools/win32/lib/libapp.a(crtloader.o)
 *(COMMON)
 COMMON         0x0000000000000664       0x10 /home/autobuild/tools/win32/mingw32/lib/libgcc.a(_ctors.o)
                0x0000000000000680                . = ALIGN (0x10)
 *fill*         0x0000000000000674        0xc 
                0x0000000000000680                ___cmdline = .
                0x0000000000000780                . = (. + 0x100)
 *fill*         0x0000000000000680      0x100 
                0x0000000000000780                ___pgmname = .
                0x0000000000000b90                . = ((. + 0x400) + 0x10)
 *fill*         0x0000000000000780      0x410 
                0x0000000000000b90                ___stacktop = .
                0x0000000000000b90                ___memsize = .

/DISCARD/
 *(.debug$S)
 *(.debug$T)
 *(.debug$F)
 *(.drectve)
 *(.note.GNU-stack)
 *(.eh_frame)
 *(.comment)
 *(.debug_abbrev)
 *(.debug_info)
 *(.debug_line)
 *(.debug_frame)
 *(.debug_loc)
 *(.debug_pubnames)
 *(.debug_aranges)
 *(.debug_ranges)
LOAD /home/autobuild/tools/win32/mingw32/lib/libgcc.a
LOAD /home/autobuild/tools/win32/lib/libdll.a
LOAD /home/autobuild/tools/win32/lib/libapp.a
LOAD /home/autobuild/tools/win32/lib/libc.dll.a
OUTPUT(spacer pei-i386)
LOAD rtr000000.o
LOAD ertr000001.o

.debug_str      0x0000000000000000        0x0
 .debug_str     0x0000000000000000        0x0 space.o
 .debug_str     0x0000000000000000        0x0 kolibri_debug.o
 .debug_str     0x0000000000000000        0x0 /home/autobuild/tools/win32/mingw32/lib/libgcc.a(__main.o)
 .debug_str     0x0000000000000000        0x0 /home/autobuild/tools/win32/mingw32/lib/libgcc.a(_ctors.o)
